Component: ARM Compiler 5.06 update 6 (build 750) Tool: armlink [4d35ed]

==============================================================================

Section Cross References

    startup_stm32f303xc.o(STACK) refers (Special) to heapauxi.o(.text) for __use_two_region_memory
    startup_stm32f303xc.o(HEAP) refers (Special) to heapauxi.o(.text) for __use_two_region_memory
    startup_stm32f303xc.o(RESET) refers (Special) to heapauxi.o(.text) for __use_two_region_memory
    startup_stm32f303xc.o(RESET) refers to startup_stm32f303xc.o(STACK) for __initial_sp
    startup_stm32f303xc.o(RESET) refers to startup_stm32f303xc.o(.text) for Reset_Handler
    startup_stm32f303xc.o(RESET) refers to stm32f3xx_it.o(i.NMI_Handler) for NMI_Handler
    startup_stm32f303xc.o(RESET) refers to stm32f3xx_it.o(i.HardFault_Handler) for HardFault_Handler
    startup_stm32f303xc.o(RESET) refers to stm32f3xx_it.o(i.MemManage_Handler) for MemManage_Handler
    startup_stm32f303xc.o(RESET) refers to stm32f3xx_it.o(i.BusFault_Handler) for BusFault_Handler
    startup_stm32f303xc.o(RESET) refers to stm32f3xx_it.o(i.UsageFault_Handler) for UsageFault_Handler
    startup_stm32f303xc.o(RESET) refers to stm32f3xx_it.o(i.SVC_Handler) for SVC_Handler
    startup_stm32f303xc.o(RESET) refers to stm32f3xx_it.o(i.DebugMon_Handler) for DebugMon_Handler
    startup_stm32f303xc.o(RESET) refers to stm32f3xx_it.o(i.PendSV_Handler) for PendSV_Handler
    startup_stm32f303xc.o(RESET) refers to stm32f3xx_it.o(i.SysTick_Handler) for SysTick_Handler
    startup_stm32f303xc.o(RESET) refers to stm32f3xx_it.o(i.DMA1_Channel2_IRQHandler) for DMA1_Channel2_IRQHandler
    startup_stm32f303xc.o(RESET) refers to stm32f3xx_it.o(i.DMA1_Channel3_IRQHandler) for DMA1_Channel3_IRQHandler
    startup_stm32f303xc.o(RESET) refers to stm32f3xx_it.o(i.DMA1_Channel4_IRQHandler) for DMA1_Channel4_IRQHandler
    startup_stm32f303xc.o(RESET) refers to stm32f3xx_it.o(i.DMA1_Channel5_IRQHandler) for DMA1_Channel5_IRQHandler
    startup_stm32f303xc.o(RESET) refers to stm32f3xx_it.o(i.DMA1_Channel6_IRQHandler) for DMA1_Channel6_IRQHandler
    startup_stm32f303xc.o(RESET) refers to stm32f3xx_it.o(i.DMA1_Channel7_IRQHandler) for DMA1_Channel7_IRQHandler
    startup_stm32f303xc.o(RESET) refers to stm32f3xx_it.o(i.I2C1_EV_IRQHandler) for I2C1_EV_IRQHandler
    startup_stm32f303xc.o(RESET) refers to stm32f3xx_it.o(i.I2C1_ER_IRQHandler) for I2C1_ER_IRQHandler
    startup_stm32f303xc.o(RESET) refers to stm32f3xx_it.o(i.USART1_IRQHandler) for USART1_IRQHandler
    startup_stm32f303xc.o(RESET) refers to stm32f3xx_it.o(i.USART3_IRQHandler) for USART3_IRQHandler
    startup_stm32f303xc.o(RESET) refers to stm32f3xx_it.o(i.TIM7_IRQHandler) for TIM7_IRQHandler
    startup_stm32f303xc.o(.text) refers (Special) to heapauxi.o(.text) for __use_two_region_memory
    startup_stm32f303xc.o(.text) refers to system_stm32f30x.o(i.SystemInit) for SystemInit
    startup_stm32f303xc.o(.text) refers to __main.o(!!!main) for __main
    startup_stm32f303xc.o(.text) refers to startup_stm32f303xc.o(HEAP) for Heap_Mem
    startup_stm32f303xc.o(.text) refers to startup_stm32f303xc.o(STACK) for Stack_Mem
    har_buzzer.o(i.Buzzer_PinInit) refers to stm32f30x_rcc.o(i.RCC_AHBPeriphClockCmd) for RCC_AHBPeriphClockCmd
    har_buzzer.o(i.Buzzer_PinInit) refers to stm32f30x_gpio.o(i.GPIO_Init) for GPIO_Init
    har_buzzer.o(i.Buzzer_PinNegative) refers to stm32f30x_gpio.o(i.GPIO_ReadOutputDataBit) for GPIO_ReadOutputDataBit
    har_buzzer.o(i.Buzzer_PinNegative) refers to stm32f30x_gpio.o(i.GPIO_WriteBit) for GPIO_WriteBit
    har_buzzer.o(i.Buzzer_PinReSet) refers to stm32f30x_gpio.o(i.GPIO_ResetBits) for GPIO_ResetBits
    har_buzzer.o(i.Buzzer_PinSet) refers to stm32f30x_gpio.o(i.GPIO_SetBits) for GPIO_SetBits
    har_buzzer.o(i.Buzzer_PinState) refers to stm32f30x_gpio.o(i.GPIO_ReadOutputDataBit) for GPIO_ReadOutputDataBit
    har_led.o(i.Sys_LED_PinInit) refers to stm32f30x_rcc.o(i.RCC_AHBPeriphClockCmd) for RCC_AHBPeriphClockCmd
    har_led.o(i.Sys_LED_PinInit) refers to stm32f30x_gpio.o(i.GPIO_Init) for GPIO_Init
    har_led.o(i.Sys_LED_PinNegative) refers to stm32f30x_gpio.o(i.GPIO_ReadOutputDataBit) for GPIO_ReadOutputDataBit
    har_led.o(i.Sys_LED_PinNegative) refers to stm32f30x_gpio.o(i.GPIO_WriteBit) for GPIO_WriteBit
    har_led.o(i.Sys_LED_PinReSet) refers to stm32f30x_gpio.o(i.GPIO_ResetBits) for GPIO_ResetBits
    har_led.o(i.Sys_LED_PinSet) refers to stm32f30x_gpio.o(i.GPIO_SetBits) for GPIO_SetBits
    har_led.o(i.Sys_LED_PinState) refers to stm32f30x_gpio.o(i.GPIO_ReadOutputDataBit) for GPIO_ReadOutputDataBit
    har_uart.o(i.UART1_Init) refers to stm32f30x_rcc.o(i.RCC_AHBPeriphClockCmd) for RCC_AHBPeriphClockCmd
    har_uart.o(i.UART1_Init) refers to stm32f30x_rcc.o(i.RCC_APB2PeriphClockCmd) for RCC_APB2PeriphClockCmd
    har_uart.o(i.UART1_Init) refers to stm32f30x_gpio.o(i.GPIO_PinAFConfig) for GPIO_PinAFConfig
    har_uart.o(i.UART1_Init) refers to stm32f30x_usart.o(i.USART_Init) for USART_Init
[...]
    Removing stm32f30x_rcc.o(i.RCC_ITConfig), (32 bytes).
    Removing stm32f30x_rcc.o(i.RCC_LSEConfig), (36 bytes).
    Removing stm32f30x_rcc.o(i.RCC_LSEDriveConfig), (28 bytes).
    Removing stm32f30x_rcc.o(i.RCC_LSICmd), (12 bytes).
    Removing stm32f30x_rcc.o(i.RCC_MCOConfig), (24 bytes).
    Removing stm32f30x_rcc.o(i.RCC_PCLK1Config), (24 bytes).
    Removing stm32f30x_rcc.o(i.RCC_PCLK2Config), (24 bytes).
    Removing stm32f30x_rcc.o(i.RCC_PLLCmd), (12 bytes).
    Removing stm32f30x_rcc.o(i.RCC_PLLConfig), (32 bytes).
    Removing stm32f30x_rcc.o(i.RCC_PREDIV1Config), (24 bytes).
    Removing stm32f30x_rcc.o(i.RCC_RTCCLKCmd), (12 bytes).
    Removing stm32f30x_rcc.o(i.RCC_RTCCLKConfig), (16 bytes).
    Removing stm32f30x_rcc.o(i.RCC_SYSCLKConfig), (24 bytes).
    Removing stm32f30x_rcc.o(i.RCC_TIMCLKConfig), (152 bytes).
    Removing stm32f30x_rcc.o(i.RCC_USARTCLKConfig), (108 bytes).
    Removing stm32f30x_rcc.o(i.RCC_USBCLKConfig), (12 bytes).
    Removing stm32f30x_rcc.o(i.RCC_WaitForHSEStartUp), (56 bytes).
    Removing stm32f30x_rtc.o(.rev16_text), (4 bytes).
    Removing stm32f30x_rtc.o(.revsh_text), (4 bytes).
    Removing stm32f30x_rtc.o(.rrx_text), (6 bytes).
    Removing stm32f30x_rtc.o(i.RTC_AlarmCmd), (116 bytes).
    Removing stm32f30x_rtc.o(i.RTC_AlarmStructInit), (22 bytes).
    Removing stm32f30x_rtc.o(i.RTC_AlarmSubSecondConfig), (52 bytes).
    Removing stm32f30x_rtc.o(i.RTC_Bcd2ToByte), (22 bytes).
    Removing stm32f30x_rtc.o(i.RTC_BypassShadowCmd), (60 bytes).
    Removing stm32f30x_rtc.o(i.RTC_ByteToBcd2), (28 bytes).
    Removing stm32f30x_rtc.o(i.RTC_CalibOutputCmd), (60 bytes).
    Removing stm32f30x_rtc.o(i.RTC_CalibOutputConfig), (48 bytes).
    Removing stm32f30x_rtc.o(i.RTC_ClearFlag), (32 bytes).
    Removing stm32f30x_rtc.o(i.RTC_ClearITPendingBit), (32 bytes).
    Removing stm32f30x_rtc.o(i.RTC_DateStructInit), (14 bytes).
    Removing stm32f30x_rtc.o(i.RTC_DayLightSavingConfig), (56 bytes).
    Removing stm32f30x_rtc.o(i.RTC_DeInit), (208 bytes).
    Removing stm32f30x_rtc.o(i.RTC_EnterInitMode), (80 bytes).
    Removing stm32f30x_rtc.o(i.RTC_ExitInitMode), (20 bytes).
    Removing stm32f30x_rtc.o(i.RTC_GetAlarm), (116 bytes).
    Removing stm32f30x_rtc.o(i.RTC_GetAlarmSubSecond), (36 bytes).
    Removing stm32f30x_rtc.o(i.RTC_GetDate), (80 bytes).
    Removing stm32f30x_rtc.o(i.RTC_GetFlagStatus), (40 bytes).
    Removing stm32f30x_rtc.o(i.RTC_GetITStatus), (68 bytes).
    Removing stm32f30x_rtc.o(i.RTC_GetStoreOperation), (16 bytes).
    Removing stm32f30x_rtc.o(i.RTC_GetSubSecond), (20 bytes).
    Removing stm32f30x_rtc.o(i.RTC_GetTime), (80 bytes).
    Removing stm32f30x_rtc.o(i.RTC_GetTimeStamp), (156 bytes).
    Removing stm32f30x_rtc.o(i.RTC_GetTimeStampSubSecond), (12 bytes).
    Removing stm32f30x_rtc.o(i.RTC_GetWakeUpCounter), (12 bytes).
    Removing stm32f30x_rtc.o(i.RTC_ITConfig), (100 bytes).
    Removing stm32f30x_rtc.o(i.RTC_Init), (100 bytes).
    Removing stm32f30x_rtc.o(i.RTC_OutputConfig), (56 bytes).
    Removing stm32f30x_rtc.o(i.RTC_OutputTypeConfig), (28 bytes).
    Removing stm32f30x_rtc.o(i.RTC_ReadBackupRegister), (32 bytes).
    Removing stm32f30x_rtc.o(i.RTC_RefClockCmd), (80 bytes).
    Removing stm32f30x_rtc.o(i.RTC_SetAlarm), (236 bytes).
    Removing stm32f30x_rtc.o(i.RTC_SetDate), (200 bytes).
    Removing stm32f30x_rtc.o(i.RTC_SetTime), (208 bytes).
    Removing stm32f30x_rtc.o(i.RTC_SetWakeUpCounter), (28 bytes).
    Removing stm32f30x_rtc.o(i.RTC_SmoothCalibConfig), (96 bytes).
    Removing stm32f30x_rtc.o(i.RTC_StructInit), (14 bytes).
    Removing stm32f30x_rtc.o(i.RTC_SynchroShiftConfig), (124 bytes).
    Removing stm32f30x_rtc.o(i.RTC_TamperCmd), (32 bytes).
    Removing stm32f30x_rtc.o(i.RTC_TamperFilterConfig), (28 bytes).
    Removing stm32f30x_rtc.o(i.RTC_TamperPinsPrechargeDuration), (28 bytes).
    Removing stm32f30x_rtc.o(i.RTC_TamperPullUpCmd), (36 bytes).
    Removing stm32f30x_rtc.o(i.RTC_TamperSamplingFreqConfig), (28 bytes).
    Removing stm32f30x_rtc.o(i.RTC_TamperTriggerConfig), (36 bytes).
    Removing stm32f30x_rtc.o(i.RTC_TimeStampCmd), (56 bytes).
    Removing stm32f30x_rtc.o(i.RTC_TimeStampOnTamperDetectionCmd), (36 bytes).
    Removing stm32f30x_rtc.o(i.RTC_TimeStructInit), (12 bytes).
    Removing stm32f30x_rtc.o(i.RTC_WaitForSynchro), (116 bytes).
    Removing stm32f30x_rtc.o(i.RTC_WakeUpClockConfig), (48 bytes).
    Removing stm32f30x_rtc.o(i.RTC_WakeUpCmd), (120 bytes).
    Removing stm32f30x_rtc.o(i.RTC_WriteBackupRegister), (28 bytes).
    Removing stm32f30x_rtc.o(i.RTC_WriteProtectionCmd), (28 bytes).
    Removing stm32f30x_spi.o(.rev16_text), (4 bytes).
    Removing stm32f30x_spi.o(.revsh_text), (4 bytes).
    Removing stm32f30x_spi.o(.rrx_text), (6 bytes).
    Removing stm32f30x_spi.o(i.I2S_Cmd), (24 bytes).
    Removing stm32f30x_spi.o(i.I2S_FullDuplexConfig), (80 bytes).
    Removing stm32f30x_spi.o(i.I2S_Init), (216 bytes).
    Removing stm32f30x_spi.o(i.I2S_StructInit), (20 bytes).
    Removing stm32f30x_spi.o(i.SPI_BiDirectionalLineConfig), (28 bytes).
    Removing stm32f30x_spi.o(i.SPI_CRCLengthConfig), (18 bytes).
    Removing stm32f30x_spi.o(i.SPI_CalculateCRC), (24 bytes).
    Removing stm32f30x_spi.o(i.SPI_Cmd), (24 bytes).
    Removing stm32f30x_spi.o(i.SPI_DataSizeConfig), (18 bytes).
    Removing stm32f30x_spi.o(i.SPI_GetCRC), (16 bytes).
    Removing stm32f30x_spi.o(i.SPI_GetCRCPolynomial), (6 bytes).
    Removing stm32f30x_spi.o(i.SPI_GetReceptionFIFOStatus), (10 bytes).
    Removing stm32f30x_spi.o(i.SPI_GetTransmissionFIFOStatus), (10 bytes).
    Removing stm32f30x_spi.o(i.SPI_I2S_ClearFlag), (6 bytes).
    Removing stm32f30x_spi.o(i.SPI_I2S_DMACmd), (18 bytes).
    Removing stm32f30x_spi.o(i.SPI_I2S_DeInit), (120 bytes).
    Removing stm32f30x_spi.o(i.SPI_I2S_GetFlagStatus), (18 bytes).
    Removing stm32f30x_spi.o(i.SPI_I2S_GetITStatus), (52 bytes).
    Removing stm32f30x_spi.o(i.SPI_I2S_ITConfig), (32 bytes).
    Removing stm32f30x_spi.o(i.SPI_I2S_ReceiveData16), (6 bytes).
    Removing stm32f30x_spi.o(i.SPI_I2S_SendData16), (4 bytes).
    Removing stm32f30x_spi.o(i.SPI_Init), (130 bytes).
    Removing stm32f30x_spi.o(i.SPI_LastDMATransferCmd), (18 bytes).
    Removing stm32f30x_spi.o(i.SPI_NSSInternalSoftwareConfig), (30 bytes).
    Removing stm32f30x_spi.o(i.SPI_NSSPulseModeCmd), (24 bytes).
    Removing stm32f30x_spi.o(i.SPI_ReceiveData8), (12 bytes).
    Removing stm32f30x_spi.o(i.SPI_RxFIFOThresholdConfig), (18 bytes).
    Removing stm32f30x_spi.o(i.SPI_SSOutputCmd), (24 bytes).
    Removing stm32f30x_spi.o(i.SPI_SendData8), (10 bytes).
    Removing stm32f30x_spi.o(i.SPI_StructInit), (30 bytes).
    Removing stm32f30x_spi.o(i.SPI_TIModeCmd), (24 bytes).
    Removing stm32f30x_spi.o(i.SPI_TransmitCRC), (10 bytes).
    Removing stm32f30x_syscfg.o(.rev16_text), (4 bytes).
    Removing stm32f30x_syscfg.o(.revsh_text), (4 bytes).
    Removing stm32f30x_syscfg.o(.rrx_text), (6 bytes).
    Removing stm32f30x_syscfg.o(i.SYSCFG_ADCTriggerRemapConfig), (32 bytes).
    Removing stm32f30x_syscfg.o(i.SYSCFG_BreakConfig), (16 bytes).
    Removing stm32f30x_syscfg.o(i.SYSCFG_BypassParityCheckDisable), (12 bytes).
    Removing stm32f30x_syscfg.o(i.SYSCFG_ClearFlag), (16 bytes).
    Removing stm32f30x_syscfg.o(i.SYSCFG_DMAChannelRemapConfig), (68 bytes).
    Removing stm32f30x_syscfg.o(i.SYSCFG_DeInit), (56 bytes).
    Removing stm32f30x_syscfg.o(i.SYSCFG_EXTILineConfig), (64 bytes).
    Removing stm32f30x_syscfg.o(i.SYSCFG_EncoderRemapConfig), (28 bytes).
    Removing stm32f30x_syscfg.o(i.SYSCFG_GetFlagStatus), (28 bytes).
    Removing stm32f30x_syscfg.o(i.SYSCFG_I2CFastModePlusConfig), (32 bytes).
    Removing stm32f30x_syscfg.o(i.SYSCFG_ITConfig), (32 bytes).
    Removing stm32f30x_syscfg.o(i.SYSCFG_MemoryRemapConfig), (24 bytes).
    Removing stm32f30x_syscfg.o(i.SYSCFG_SRAMWRPEnable), (16 bytes).
    Removing stm32f30x_syscfg.o(i.SYSCFG_TriggerRemapConfig), (68 bytes).
    Removing stm32f30x_syscfg.o(i.SYSCFG_USBInterruptLineRemapCmd), (12 bytes).
    Removing stm32f30x_tim.o(.rev16_text), (4 bytes).
    Removing stm32f30x_tim.o(.revsh_text), (4 bytes).
    Removing stm32f30x_tim.o(.rrx_text), (6 bytes).
    Removing stm32f30x_tim.o(i.TI1_Config), (48 bytes).
    Removing stm32f30x_tim.o(i.TI2_Config), (66 bytes).
    Removing stm32f30x_tim.o(i.TI3_Config), (76 bytes).
    Removing stm32f30x_tim.o(i.TI4_Config), (84 bytes).
    Removing stm32f30x_tim.o(i.TIM_ARRPreloadConfig), (24 bytes).
    Removing stm32f30x_tim.o(i.TIM_BDTRConfig), (30 bytes).
    Removing stm32f30x_tim.o(i.TIM_BDTRStructInit), (18 bytes).
    Removing stm32f30x_tim.o(i.TIM_Break1Cmd), (22 bytes).
    Removing stm32f30x_tim.o(i.TIM_Break1Config), (22 bytes).
    Removing stm32f30x_tim.o(i.TIM_Break2Cmd), (22 bytes).
    Removing stm32f30x_tim.o(i.TIM_Break2Config), (22 bytes).
    Removing stm32f30x_tim.o(i.TIM_CCPreloadControl), (24 bytes).
    Removing stm32f30x_tim.o(i.TIM_CCxCmd), (28 bytes).
    Removing stm32f30x_tim.o(i.TIM_CCxNCmd), (28 bytes).
    Removing stm32f30x_tim.o(i.TIM_ClearFlag), (8 bytes).
    Removing stm32f30x_tim.o(i.TIM_ClearITPendingBit), (8 bytes).
    Removing stm32f30x_tim.o(i.TIM_ClearOC1Ref), (16 bytes).
    Removing stm32f30x_tim.o(i.TIM_ClearOC2Ref), (18 bytes).
    Removing stm32f30x_tim.o(i.TIM_ClearOC3Ref), (16 bytes).
    Removing stm32f30x_tim.o(i.TIM_ClearOC4Ref), (18 bytes).
    Removing stm32f30x_tim.o(i.TIM_ClearOC5Ref), (16 bytes).
    Removing stm32f30x_tim.o(i.TIM_ClearOC6Ref), (18 bytes).
    Removing stm32f30x_tim.o(i.TIM_Cmd), (24 bytes).
    Removing stm32f30x_tim.o(i.TIM_CounterModeConfig), (18 bytes).
    Removing stm32f30x_tim.o(i.TIM_CtrlPWMOutputs), (22 bytes).
    Removing stm32f30x_tim.o(i.TIM_DMACmd), (24 bytes).
    Removing stm32f30x_tim.o(i.TIM_DMAConfig), (10 bytes).
    Removing stm32f30x_tim.o(i.TIM_DeInit), (316 bytes).
    Removing stm32f30x_tim.o(i.TIM_ETRClockMode1Config), (56 bytes).
    Removing stm32f30x_tim.o(i.TIM_ETRClockMode2Config), (32 bytes).
    Removing stm32f30x_tim.o(i.TIM_ETRConfig), (30 bytes).
    Removing stm32f30x_tim.o(i.TIM_EncoderInterfaceConfig), (72 bytes).
    Removing stm32f30x_tim.o(i.TIM_ForcedOC1Config), (20 bytes).
    Removing stm32f30x_tim.o(i.TIM_ForcedOC2Config), (24 bytes).
    Removing stm32f30x_tim.o(i.TIM_ForcedOC3Config), (16 bytes).
    Removing stm32f30x_tim.o(i.TIM_ForcedOC4Config), (18 bytes).
    Removing stm32f30x_tim.o(i.TIM_ForcedOC5Config), (16 bytes).
    Removing stm32f30x_tim.o(i.TIM_ForcedOC6Config), (18 bytes).
    Removing stm32f30x_tim.o(i.TIM_GenerateEvent), (4 bytes).
    Removing stm32f30x_tim.o(i.TIM_GetCapture1), (6 bytes).
    Removing stm32f30x_tim.o(i.TIM_GetCapture2), (6 bytes).
    Removing stm32f30x_tim.o(i.TIM_GetCapture3), (6 bytes).
    Removing stm32f30x_tim.o(i.TIM_GetCapture4), (6 bytes).
    Removing stm32f30x_tim.o(i.TIM_GetCounter), (6 bytes).
    Removing stm32f30x_tim.o(i.TIM_GetFlagStatus), (18 bytes).
    Removing stm32f30x_tim.o(i.TIM_GetITStatus), (34 bytes).
    Removing stm32f30x_tim.o(i.TIM_GetPrescaler), (6 bytes).
    Removing stm32f30x_tim.o(i.TIM_ICInit), (110 bytes).
    Removing stm32f30x_tim.o(i.TIM_ICStructInit), (18 bytes).
    Removing stm32f30x_tim.o(i.TIM_ITConfig), (24 bytes).
    Removing stm32f30x_tim.o(i.TIM_ITRxExternalClockConfig), (24 bytes).
    Removing stm32f30x_tim.o(i.TIM_InternalClockConfig), (12 bytes).
    Removing stm32f30x_tim.o(i.TIM_OC1FastConfig), (16 bytes).
    Removing stm32f30x_tim.o(i.TIM_OC1Init), (144 bytes).
    Removing stm32f30x_tim.o(i.TIM_OC1NPolarityConfig), (16 bytes).
    Removing stm32f30x_tim.o(i.TIM_OC1PolarityConfig), (16 bytes).
    Removing stm32f30x_tim.o(i.TIM_OC1PreloadConfig), (16 bytes).
    Removing stm32f30x_tim.o(i.TIM_OC2FastConfig), (18 bytes).
    Removing stm32f30x_tim.o(i.TIM_OC2Init), (128 bytes).
    Removing stm32f30x_tim.o(i.TIM_OC2NPolarityConfig), (18 bytes).
    Removing stm32f30x_tim.o(i.TIM_OC2PolarityConfig), (18 bytes).
    Removing stm32f30x_tim.o(i.TIM_OC2PreloadConfig), (18 bytes).
    Removing stm32f30x_tim.o(i.TIM_OC3FastConfig), (16 bytes).
    Removing stm32f30x_tim.o(i.TIM_OC3Init), (124 bytes).
    Removing stm32f30x_tim.o(i.TIM_OC3NPolarityConfig), (18 bytes).
    Removing stm32f30x_tim.o(i.TIM_OC3PolarityConfig), (18 bytes).
    Removing stm32f30x_tim.o(i.TIM_OC3PreloadConfig), (16 bytes).
    Removing stm32f30x_tim.o(i.TIM_OC4FastConfig), (18 bytes).
    Removing stm32f30x_tim.o(i.TIM_OC4Init), (96 bytes).
    Removing stm32f30x_tim.o(i.TIM_OC4PolarityConfig), (18 bytes).
    Removing stm32f30x_tim.o(i.TIM_OC4PreloadConfig), (18 bytes).
    Removing stm32f30x_tim.o(i.TIM_OC5Init), (88 bytes).
    Removing stm32f30x_tim.o(i.TIM_OC5PolarityConfig), (18 bytes).
    Removing stm32f30x_tim.o(i.TIM_OC5PreloadConfig), (16 bytes).
    Removing stm32f30x_tim.o(i.TIM_OC6Init), (96 bytes).
    Removing stm32f30x_tim.o(i.TIM_OC6PolarityConfig), (18 bytes).
    Removing stm32f30x_tim.o(i.TIM_OC6PreloadConfig), (18 bytes).
    Removing stm32f30x_tim.o(i.TIM_OCStructInit), (20 bytes).
    Removing stm32f30x_tim.o(i.TIM_PWMIConfig), (124 bytes).
    Removing stm32f30x_tim.o(i.TIM_PrescalerConfig), (6 bytes).
    Removing stm32f30x_tim.o(i.TIM_RemapConfig), (6 bytes).
    Removing stm32f30x_tim.o(i.TIM_SelectCCDMA), (24 bytes).
    Removing stm32f30x_tim.o(i.TIM_SelectCOM), (24 bytes).
    Removing stm32f30x_tim.o(i.TIM_SelectGC5C1), (22 bytes).
    Removing stm32f30x_tim.o(i.TIM_SelectGC5C2), (22 bytes).
    Removing stm32f30x_tim.o(i.TIM_SelectGC5C3), (22 bytes).
    Removing stm32f30x_tim.o(i.TIM_SelectHallSensor), (24 bytes).
    Removing stm32f30x_tim.o(i.TIM_SelectInputTrigger), (20 bytes).
    Removing stm32f30x_tim.o(i.TIM_SelectMasterSlaveMode), (18 bytes).
    Removing stm32f30x_tim.o(i.TIM_SelectOCREFClear), (18 bytes).
    Removing stm32f30x_tim.o(i.TIM_SelectOCxM), (88 bytes).
    Removing stm32f30x_tim.o(i.TIM_SelectOnePulseMode), (18 bytes).
    Removing stm32f30x_tim.o(i.TIM_SelectOutputTrigger), (18 bytes).
    Removing stm32f30x_tim.o(i.TIM_SelectOutputTrigger2), (16 bytes).
    Removing stm32f30x_tim.o(i.TIM_SelectSlaveMode), (20 bytes).
    Removing stm32f30x_tim.o(i.TIM_SetAutoreload), (4 bytes).
    Removing stm32f30x_tim.o(i.TIM_SetClockDivision), (18 bytes).
    Removing stm32f30x_tim.o(i.TIM_SetCompare1), (4 bytes).
    Removing stm32f30x_tim.o(i.TIM_SetCompare2), (4 bytes).
    Removing stm32f30x_tim.o(i.TIM_SetCompare3), (4 bytes).
    Removing stm32f30x_tim.o(i.TIM_SetCompare4), (4 bytes).
    Removing stm32f30x_tim.o(i.TIM_SetCompare5), (4 bytes).
    Removing stm32f30x_tim.o(i.TIM_SetCompare6), (4 bytes).
    Removing stm32f30x_tim.o(i.TIM_SetCounter), (4 bytes).
    Removing stm32f30x_tim.o(i.TIM_SetIC1Prescaler), (16 bytes).
    Removing stm32f30x_tim.o(i.TIM_SetIC2Prescaler), (18 bytes).
    Removing stm32f30x_tim.o(i.TIM_SetIC3Prescaler), (18 bytes).
    Removing stm32f30x_tim.o(i.TIM_SetIC4Prescaler), (26 bytes).
    Removing stm32f30x_tim.o(i.TIM_TIxExternalClockConfig), (62 bytes).
    Removing stm32f30x_tim.o(i.TIM_TimeBaseInit), (168 bytes).
    Removing stm32f30x_tim.o(i.TIM_TimeBaseStructInit), (18 bytes).
    Removing stm32f30x_tim.o(i.TIM_UIFRemap), (24 bytes).
    Removing stm32f30x_tim.o(i.TIM_UpdateDisableConfig), (24 bytes).
    Removing stm32f30x_tim.o(i.TIM_UpdateRequestConfig), (24 bytes).
    Removing stm32f30x_usart.o(.rev16_text), (4 bytes).
    Removing stm32f30x_usart.o(.revsh_text), (4 bytes).
    Removing stm32f30x_usart.o(.rrx_text), (6 bytes).
    Removing stm32f30x_usart.o(i.USART_AddressDetectionConfig), (16 bytes).
    Removing stm32f30x_usart.o(i.USART_AutoBaudRateCmd), (22 bytes).
    Removing stm32f30x_usart.o(i.USART_AutoBaudRateConfig), (16 bytes).
    Removing stm32f30x_usart.o(i.USART_ClockInit), (30 bytes).
    Removing stm32f30x_usart.o(i.USART_ClockStructInit), (12 bytes).
    Removing stm32f30x_usart.o(i.USART_DECmd), (22 bytes).
    Removing stm32f30x_usart.o(i.USART_DEPolarityConfig), (16 bytes).
    Removing stm32f30x_usart.o(i.USART_DMACmd), (18 bytes).
    Removing stm32f30x_usart.o(i.USART_DMAReceptionErrorConfig), (16 bytes).
    Removing stm32f30x_usart.o(i.USART_DataInvCmd), (22 bytes).
    Removing stm32f30x_usart.o(i.USART_DeInit), (156 bytes).
    Removing stm32f30x_usart.o(i.USART_DirectionModeCmd), (18 bytes).
    Removing stm32f30x_usart.o(i.USART_GetFlagStatus), (18 bytes).
    Removing stm32f30x_usart.o(i.USART_HalfDuplexCmd), (22 bytes).
    Removing stm32f30x_usart.o(i.USART_InvPinCmd), (18 bytes).
    Removing stm32f30x_usart.o(i.USART_IrDACmd), (22 bytes).
    Removing stm32f30x_usart.o(i.USART_IrDAConfig), (16 bytes).
    Removing stm32f30x_usart.o(i.USART_LINBreakDetectLengthConfig), (16 bytes).
    Removing stm32f30x_usart.o(i.USART_LINCmd), (22 bytes).
    Removing stm32f30x_usart.o(i.USART_MSBFirstCmd), (22 bytes).
    Removing stm32f30x_usart.o(i.USART_MuteModeCmd), (22 bytes).
    Removing stm32f30x_usart.o(i.USART_MuteModeWakeUpConfig), (16 bytes).
    Removing stm32f30x_usart.o(i.USART_OneBitMethodCmd), (22 bytes).
    Removing stm32f30x_usart.o(i.USART_OverSampling8Cmd), (22 bytes).
    Removing stm32f30x_usart.o(i.USART_OverrunDetectionConfig), (16 bytes).
    Removing stm32f30x_usart.o(i.USART_ReceiveData), (10 bytes).
    Removing stm32f30x_usart.o(i.USART_ReceiverTimeOutCmd), (22 bytes).
    Removing stm32f30x_usart.o(i.USART_RequestCmd), (18 bytes).
    Removing stm32f30x_usart.o(i.USART_STOPModeCmd), (22 bytes).
    Removing stm32f30x_usart.o(i.USART_SWAPPinCmd), (22 bytes).
    Removing stm32f30x_usart.o(i.USART_SendData), (8 bytes).
    Removing stm32f30x_usart.o(i.USART_SetAddress), (18 bytes).
    Removing stm32f30x_usart.o(i.USART_SetAutoRetryCount), (18 bytes).
    Removing stm32f30x_usart.o(i.USART_SetBlockLength), (18 bytes).
    Removing stm32f30x_usart.o(i.USART_SetDEAssertionTime), (18 bytes).
    Removing stm32f30x_usart.o(i.USART_SetDEDeassertionTime), (18 bytes).
    Removing stm32f30x_usart.o(i.USART_SetGuardTime), (16 bytes).
    Removing stm32f30x_usart.o(i.USART_SetPrescaler), (16 bytes).
    Removing stm32f30x_usart.o(i.USART_SetReceiverTimeOut), (16 bytes).
    Removing stm32f30x_usart.o(i.USART_SmartCardCmd), (22 bytes).
    Removing stm32f30x_usart.o(i.USART_SmartCardNACKCmd), (22 bytes).
    Removing stm32f30x_usart.o(i.USART_StopModeWakeUpSourceConfig), (16 bytes).
    Removing stm32f30x_usart.o(i.USART_StructInit), (24 bytes).
    Removing stm32f30x_wwdg.o(.rev16_text), (4 bytes).
    Removing stm32f30x_wwdg.o(.revsh_text), (4 bytes).
    Removing stm32f30x_wwdg.o(.rrx_text), (6 bytes).
    Removing stm32f30x_wwdg.o(i.WWDG_ClearFlag), (12 bytes).
    Removing stm32f30x_wwdg.o(i.WWDG_DeInit), (22 bytes).
    Removing stm32f30x_wwdg.o(i.WWDG_Enable), (16 bytes).
    Removing stm32f30x_wwdg.o(i.WWDG_EnableIT), (20 bytes).
    Removing stm32f30x_wwdg.o(i.WWDG_GetFlagStatus), (20 bytes).
    Removing stm32f30x_wwdg.o(i.WWDG_SetCounter), (16 bytes).
    Removing stm32f30x_wwdg.o(i.WWDG_SetPrescaler), (24 bytes).
    Removing stm32f30x_wwdg.o(i.WWDG_SetWindowValue), (40 bytes).
    Removing stm32f30x_hrtim.o(.rev16_text), (4 bytes).
    Removing stm32f30x_hrtim.o(.revsh_text), (4 bytes).
    Removing stm32f30x_hrtim.o(.rrx_text), (6 bytes).
    Removing stm32f30x_hrtim.o(i.HRTIM_ADCTriggerConfig), (114 bytes).
    Removing stm32f30x_hrtim.o(i.HRTIM_BurstDMAConfig), (68 bytes).
    Removing stm32f30x_hrtim.o(i.HRTIM_BurstModeConfig), (70 bytes).
    Removing stm32f30x_hrtim.o(i.HRTIM_BurstModeCtl), (18 bytes).
    Removing stm32f30x_hrtim.o(i.HRTIM_CaptureUnitConfig), (150 bytes).
    Removing stm32f30x_hrtim.o(i.HRTIM_ChopperModeConfig), (46 bytes).
    Removing stm32f30x_hrtim.o(i.HRTIM_ClearCommonFlag), (16 bytes).
    Removing stm32f30x_hrtim.o(i.HRTIM_ClearCommonITPendingBit), (16 bytes).
    Removing stm32f30x_hrtim.o(i.HRTIM_ClearFlag), (62 bytes).
    Removing stm32f30x_hrtim.o(i.HRTIM_ClearITPendingBit), (62 bytes).
    Removing stm32f30x_hrtim.o(i.HRTIM_CompareUnitConfig), (132 bytes).
    Removing stm32f30x_hrtim.o(i.HRTIM_DLLCalibrationStart), (40 bytes).
    Removing stm32f30x_hrtim.o(i.HRTIM_DMACmd), (98 bytes).
    Removing stm32f30x_hrtim.o(i.HRTIM_DeInit), (24 bytes).
    Removing stm32f30x_hrtim.o(i.HRTIM_DeadTimeConfig), (76 bytes).
    Removing stm32f30x_hrtim.o(i.HRTIM_EventConfig), (20 bytes).
    Removing stm32f30x_hrtim.o(i.HRTIM_EventPrescalerConfig), (18 bytes).
    Removing stm32f30x_hrtim.o(i.HRTIM_ExternalEventConfig), (504 bytes).
    Removing stm32f30x_hrtim.o(i.HRTIM_FaultConfig), (192 bytes).
    Removing stm32f30x_hrtim.o(i.HRTIM_FaultModeCtl), (104 bytes).
    Removing stm32f30x_hrtim.o(i.HRTIM_FaultPrescalerConfig), (18 bytes).
    Removing stm32f30x_hrtim.o(i.HRTIM_GetBurstStatus), (14 bytes).
    Removing stm32f30x_hrtim.o(i.HRTIM_GetCapturedValue), (46 bytes).
    Removing stm32f30x_hrtim.o(i.HRTIM_GetCommonFlagStatus), (22 bytes).
    Removing stm32f30x_hrtim.o(i.HRTIM_GetCommonITStatus), (42 bytes).
    Removing stm32f30x_hrtim.o(i.HRTIM_GetCurrentPushPullStatus), (18 bytes).
    Removing stm32f30x_hrtim.o(i.HRTIM_GetDelayedProtectionStatus), (130 bytes).
    Removing stm32f30x_hrtim.o(i.HRTIM_GetFlagStatus), (70 bytes).
    Removing stm32f30x_hrtim.o(i.HRTIM_GetITStatus), (102 bytes).
    Removing stm32f30x_hrtim.o(i.HRTIM_GetIdlePushPullStatus), (18 bytes).
    Removing stm32f30x_hrtim.o(i.HRTIM_ITCommonConfig), (36 bytes).
    Removing stm32f30x_hrtim.o(i.HRTIM_ITConfig), (98 bytes).
    Removing stm32f30x_hrtim.o(i.HRTIM_MasterBase_Config), (42 bytes).
    Removing stm32f30x_hrtim.o(i.HRTIM_MasterSetCompare), (40 bytes).
    Removing stm32f30x_hrtim.o(i.HRTIM_MasterWaveform_Config), (88 bytes).
    Removing stm32f30x_hrtim.o(i.HRTIM_OutputConfig), (202 bytes).
    Removing stm32f30x_hrtim.o(i.HRTIM_SimpleBaseStart), (20 bytes).
    Removing stm32f30x_hrtim.o(i.HRTIM_SimpleBaseStop), (216 bytes).
    Removing stm32f30x_hrtim.o(i.HRTIM_SimpleBase_Init), (34 bytes).
    Removing stm32f30x_hrtim.o(i.HRTIM_SimpleCaptureChannelConfig), (58 bytes).
    Removing stm32f30x_hrtim.o(i.HRTIM_SimpleCaptureStart), (20 bytes).
    Removing stm32f30x_hrtim.o(i.HRTIM_SimpleCaptureStop), (288 bytes).
    Removing stm32f30x_hrtim.o(i.HRTIM_SimpleCapture_Init), (20 bytes).
    Removing stm32f30x_hrtim.o(i.HRTIM_SimpleOCChannelConfig), (236 bytes).
    Removing stm32f30x_hrtim.o(i.HRTIM_SimpleOCStart), (36 bytes).
    Removing stm32f30x_hrtim.o(i.HRTIM_SimpleOCStop), (232 bytes).
    Removing stm32f30x_hrtim.o(i.HRTIM_SimpleOC_Init), (20 bytes).
    Removing stm32f30x_hrtim.o(i.HRTIM_SimpleOnePulseChannelConfig), (214 bytes).
    Removing stm32f30x_hrtim.o(i.HRTIM_SimpleOnePulseStart), (36 bytes).
    Removing stm32f30x_hrtim.o(i.HRTIM_SimpleOnePulseStop), (232 bytes).
    Removing stm32f30x_hrtim.o(i.HRTIM_SimpleOnePulse_Init), (20 bytes).
    Removing stm32f30x_hrtim.o(i.HRTIM_SimplePWMChannelConfig), (174 bytes).
    Removing stm32f30x_hrtim.o(i.HRTIM_SimplePWMStart), (36 bytes).
    Removing stm32f30x_hrtim.o(i.HRTIM_SimplePWMStop), (232 bytes).
    Removing stm32f30x_hrtim.o(i.HRTIM_SimplePWM_Init), (20 bytes).
    Removing stm32f30x_hrtim.o(i.HRTIM_SlaveSetCompare), (74 bytes).
    Removing stm32f30x_hrtim.o(i.HRTIM_SoftwareCapture), (70 bytes).
    Removing stm32f30x_hrtim.o(i.HRTIM_SoftwareReset), (16 bytes).
    Removing stm32f30x_hrtim.o(i.HRTIM_SoftwareUpdate), (16 bytes).
    Removing stm32f30x_hrtim.o(i.HRTIM_SynchronizationConfig), (32 bytes).
    Removing stm32f30x_hrtim.o(i.HRTIM_TIM_ResetConfig), (222 bytes).
    Removing stm32f30x_hrtim.o(i.HRTIM_TimerEventFilteringConfig), (452 bytes).
    Removing stm32f30x_hrtim.o(i.HRTIM_TimingUnitBase_Config), (124 bytes).
    Removing stm32f30x_hrtim.o(i.HRTIM_TimingUnitWaveform_Config), (182 bytes).
    Removing stm32f30x_hrtim.o(i.HRTIM_WaveformCaptureConfig), (46 bytes).
    Removing stm32f30x_hrtim.o(i.HRTIM_WaveformCompareConfig), (234 bytes).
    Removing stm32f30x_hrtim.o(i.HRTIM_WaveformCounterStart), (8 bytes).
    Removing stm32f30x_hrtim.o(i.HRTIM_WaveformCounterStop), (8 bytes).
    Removing stm32f30x_hrtim.o(i.HRTIM_WaveformGetOutputLevel), (130 bytes).
    Removing stm32f30x_hrtim.o(i.HRTIM_WaveformGetOutputState), (144 bytes).
    Removing stm32f30x_hrtim.o(i.HRTIM_WaveformOutputConfig), (28 bytes).
    Removing stm32f30x_hrtim.o(i.HRTIM_WaveformOutputStart), (8 bytes).
    Removing stm32f30x_hrtim.o(i.HRTIM_WaveformOutputStop), (8 bytes).
    Removing stm32f30x_hrtim.o(i.HRTIM_WaveformSetOutputLevel), (190 bytes).
    Removing stm32f30x_hrtim.o(i.HRTIM_WaveformTimerConfig), (146 bytes).
    Removing stm32f30x_hrtim.o(i.HRTIM_Waveform_Init), (58 bytes).
    Removing stm32f30x_hrtim.o(.data), (24 bytes).
    Removing system_stm32f30x.o(.rev16_text), (4 bytes).
    Removing system_stm32f30x.o(.revsh_text), (4 bytes).
    Removing system_stm32f30x.o(.rrx_text), (6 bytes).
    Removing system_stm32f30x.o(i.SystemCoreClockUpdate), (160 bytes).
    Removing main.o(.rev16_text), (4 bytes).
    Removing main.o(.revsh_text), (4 bytes).
    Removing main.o(.rrx_text), (6 bytes).
    Removing stm32f3xx_it.o(.rev16_text), (4 bytes).
    Removing stm32f3xx_it.o(.revsh_text), (4 bytes).
    Removing stm32f3xx_it.o(.rrx_text), (6 bytes).
    Removing queue.o(i.DeleteQueue), (46 bytes).
    Removing queue.o(i.InitQueue), (12 bytes).
    Removing queue.o(i.InsertQueue), (44 bytes).
    Removing queue.o(i.IsEmptyQueue), (18 bytes).
    Removing queue.o(i.IsFullQueue), (30 bytes).

801 unused section(s) (total 32119 bytes) removed from the image.

==============================================================================

Image Symbol Table

    Local Symbols

    Symbol Name                              Value     Ov Type        Size  Object(Section)

    ../clib/angel/boardlib.s                 0x00000000   Number         0  boardinit1.o ABSOLUTE
    ../clib/angel/boardlib.s                 0x00000000   Number         0  boardinit2.o ABSOLUTE
    ../clib/angel/boardlib.s                 0x00000000   Number         0  boardinit3.o ABSOLUTE
    ../clib/angel/boardlib.s                 0x00000000   Number         0  boardshut.o ABSOLUTE
    ../clib/angel/handlers.s                 0x00000000   Number         0  __scatter_copy.o ABSOLUTE
    ../clib/angel/handlers.s                 0x00000000   Number         0  __scatter_zi.o ABSOLUTE
    ../clib/angel/kernel.s                   0x00000000   Number         0  rtexit2.o ABSOLUTE
    ../clib/angel/kernel.s                   0x00000000   Number         0  __rtentry4.o ABSOLUTE
    ../clib/angel/kernel.s                   0x00000000   Number         0  __rtentry2.o ABSOLUTE
    ../clib/angel/kernel.s                   0x00000000   Number         0  rtexit.o ABSOLUTE
    ../clib/angel/kernel.s                   0x00000000   Number         0  __rtentry.o ABSOLUTE
    ../clib/angel/rt.s                       0x00000000   Number         0  rt_raise.o ABSOLUTE
    ../clib/angel/scatter.s                  0x00000000   Number         0  __scatter.o ABSOLUTE
    ../clib/angel/startup.s                  0x00000000   Number         0  __main.o ABSOLUTE
    ../clib/angel/sys.s                      0x00000000   Number         0  use_no_semi.o ABSOLUTE
    ../clib/angel/sys.s                      0x00000000   Number         0  indicate_semi.o ABSOLUTE
    ../clib/angel/sys.s                      0x00000000   Number         0  libspace.o ABSOLUTE
    ../clib/angel/sys.s                      0x00000000   Number         0  sys_stackheap_outer.o ABSOLUTE
    ../clib/angel/sysapp.c                   0x00000000   Number         0  sys_wrch.o ABSOLUTE
    ../clib/angel/sysapp.c                   0x00000000   Number         0  sys_command.o ABSOLUTE
    ../clib/angel/sysapp.c                   0x00000000   Number         0  sys_exit.o ABSOLUTE
    ../clib/armsys.c                         0x00000000   Number         0  argv_veneer.o ABSOLUTE
    ../clib/armsys.c                         0x00000000   Number         0  argv_veneer.o ABSOLUTE
    ../clib/armsys.c                         0x00000000   Number         0  no_argv.o ABSOLUTE
    ../clib/armsys.c                         0x00000000   Number         0  _get_argv_nomalloc.o ABSOLUTE
    ../clib/heapalloc.c                      0x00000000   Number         0  hrguard.o ABSOLUTE
    ../clib/heapaux.c                        0x00000000   Number         0  heapauxi.o ABSOLUTE
    ../clib/libinit.s                        0x00000000   Number         0  libshutdown.o ABSOLUTE
    ../clib/libinit.s                        0x00000000   Number         0  libshutdown2.o ABSOLUTE
    ../clib/libinit.s                        0x00000000   Number         0  libinit2.o ABSOLUTE
    ../clib/libinit.s                        0x00000000   Number         0  libinit.o ABSOLUTE
    ../clib/memcpset.s                       0x00000000   Number         0  rt_memcpy_w.o ABSOLUTE
    ../clib/memcpset.s                       0x00000000   Number         0  rt_memcpy_v6.o ABSOLUTE
    ../clib/signal.c                         0x00000000   Number         0  defsig_rtmem_formal.o ABSOLUTE
    ../clib/signal.c                         0x00000000   Number         0  defsig_rtmem_outer.o ABSOLUTE
    ../clib/signal.c                         0x00000000   Number         0  defsig_rtred_inner.o ABSOLUTE
    ../clib/signal.c                         0x00000000   Number         0  defsig_rtmem_inner.o ABSOLUTE
    ../clib/signal.c                         0x00000000   Number         0  __raise.o ABSOLUTE
    ../clib/signal.c                         0x00000000   Number         0  defsig_other.o ABSOLUTE
    ../clib/signal.c                         0x00000000   Number         0  defsig_segv_inner.o ABSOLUTE
    ../clib/signal.c                         0x00000000   Number         0  defsig_general.o ABSOLUTE
    ../clib/signal.c                         0x00000000   Number         0  defsig_exit.o ABSOLUTE
    ../clib/signal.c                         0x00000000   Number         0  defsig_cppl_inner.o ABSOLUTE
    ../clib/signal.c                         0x00000000   Number         0  defsig_abrt_inner.o ABSOLUTE
    ../clib/signal.c                         0x00000000   Number         0  defsig_pvfn_inner.o ABSOLUTE
    ../clib/signal.c                         0x00000000   Number         0  defsig_stak_inner.o ABSOLUTE
    ../clib/signal.c                         0x00000000   Number         0  defsig_fpe_inner.o ABSOLUTE
    ../clib/signal.s                         0x00000000   Number         0  defsig.o ABSOLUTE
    ../clib/stdlib.c                         0x00000000   Number         0  exit.o ABSOLUTE
    ../fplib/fpinit.s                        0x00000000   Number         0  fpinit.o ABSOLUTE
    ..\Devices\Drivers\Src\Dri_Buzzer.c      0x00000000   Number         0  dri_buzzer.o ABSOLUTE
    ..\Devices\Drivers\Src\Dri_HMC5883L.c    0x00000000   Number         0  dri_hmc5883l.o ABSOLUTE
    ..\Devices\Drivers\Src\Dri_LED.c         0x00000000   Number         0  dri_led.o ABSOLUTE
    ..\Devices\Drivers\Src\Dri_MPU6050.c     0x00000000   Number         0  dri_mpu6050.o ABSOLUTE
    ..\Devices\Drivers\Src\Dri_MS5611.c      0x00000000   Number         0  dri_ms5611.o ABSOLUTE
    ..\Devices\Drivers\Src\Dri_SysTick.h.c   0x00000000   Number         0  dri_systick.h.o ABSOLUTE
    ..\Devices\Drivers\Src\Dri_Uart.c        0x00000000   Number         0  dri_uart.o ABSOLUTE
    ..\Devices\Drivers\Src\Dri_W25Q64.c      0x00000000   Number         0  dri_w25q64.o ABSOLUTE
    ..\Devices\Hardware\Src\Har_Buzzer.c     0x00000000   Number         0  har_buzzer.o ABSOLUTE
    ..\Devices\Hardware\Src\Har_HMC5883L.c   0x00000000   Number         0  har_hmc5883l.o ABSOLUTE
    ..\Devices\Hardware\Src\Har_LED.c        0x00000000   Number         0  har_led.o ABSOLUTE
    ..\Devices\Hardware\Src\Har_MPU6050.c    0x00000000   Number         0  har_mpu6050.o ABSOLUTE
    ..\Devices\Hardware\Src\Har_MS5611.c     0x00000000   Number         0  har_ms5611.o ABSOLUTE
    ..\Devices\Hardware\Src\Har_SysTick.c    0x00000000   Number         0  har_systick.o ABSOLUTE
    ..\Devices\Hardware\Src\Har_Uart.c       0x00000000   Number         0  har_uart.o ABSOLUTE
    ..\Devices\Hardware\Src\Har_W25Q64.c     0x00000000   Number         0  har_w25q64.o ABSOLUTE
    ..\Devices\Hardware\Src\Har_stm32_dma.c  0x00000000   Number         0  har_stm32_dma.o ABSOLUTE
    ..\System\Core\Src\stm32f30x_misc.c      0x00000000   Number         0  stm32f30x_misc.o ABSOLUTE
    ..\System\Core\startup_stm32f303xc.s     0x00000000   Number         0  startup_stm32f303xc.o ABSOLUTE
    ..\System\Std_Lib\Src\stm32f30x_adc.c    0x00000000   Number         0  stm32f30x_adc.o ABSOLUTE
    ..\System\Std_Lib\Src\stm32f30x_can.c    0x00000000   Number         0  stm32f30x_can.o ABSOLUTE
    ..\System\Std_Lib\Src\stm32f30x_comp.c   0x00000000   Number         0  stm32f30x_comp.o ABSOLUTE
    ..\System\Std_Lib\Src\stm32f30x_crc.c    0x00000000   Number         0  stm32f30x_crc.o ABSOLUTE
    ..\System\Std_Lib\Src\stm32f30x_dac.c    0x00000000   Number         0  stm32f30x_dac.o ABSOLUTE
    ..\System\Std_Lib\Src\stm32f30x_dbgmcu.c 0x00000000   Number         0  stm32f30x_dbgmcu.o ABSOLUTE
    ..\System\Std_Lib\Src\stm32f30x_dma.c    0x00000000   Number         0  stm32f30x_dma.o ABSOLUTE
    ..\System\Std_Lib\Src\stm32f30x_exti.c   0x00000000   Number         0  stm32f30x_exti.o ABSOLUTE
    ..\System\Std_Lib\Src\stm32f30x_flash.c  0x00000000   Number         0  stm32f30x_flash.o ABSOLUTE
    ..\System\Std_Lib\Src\stm32f30x_fmc.c    0x00000000   Number         0  stm32f30x_fmc.o ABSOLUTE
    ..\System\Std_Lib\Src\stm32f30x_gpio.c   0x00000000   Number         0  stm32f30x_gpio.o ABSOLUTE
    ..\System\Std_Lib\Src\stm32f30x_hrtim.c  0x00000000   Number         0  stm32f30x_hrtim.o ABSOLUTE
    ..\System\Std_Lib\Src\stm32f30x_i2c.c    0x00000000   Number         0  stm32f30x_i2c.o ABSOLUTE
    ..\System\Std_Lib\Src\stm32f30x_iwdg.c   0x00000000   Number         0  stm32f30x_iwdg.o ABSOLUTE
    ..\System\Std_Lib\Src\stm32f30x_opamp.c  0x00000000   Number         0  stm32f30x_opamp.o ABSOLUTE
    ..\System\Std_Lib\Src\stm32f30x_pwr.c    0x00000000   Number         0  stm32f30x_pwr.o ABSOLUTE
    ..\System\Std_Lib\Src\stm32f30x_rcc.c    0x00000000   Number         0  stm32f30x_rcc.o ABSOLUTE
    ..\System\Std_Lib\Src\stm32f30x_rtc.c    0x00000000   Number         0  stm32f30x_rtc.o ABSOLUTE
    ..\System\Std_Lib\Src\stm32f30x_spi.c    0x00000000   Number         0  stm32f30x_spi.o ABSOLUTE
    ..\System\Std_Lib\Src\stm32f30x_syscfg.c 0x00000000   Number         0  stm32f30x_syscfg.o ABSOLUTE
    ..\System\Std_Lib\Src\stm32f30x_tim.c    0x00000000   Number         0  stm32f30x_tim.o ABSOLUTE
    ..\System\Std_Lib\Src\stm32f30x_usart.c  0x00000000   Number         0  stm32f30x_usart.o ABSOLUTE
    ..\System\Std_Lib\Src\stm32f30x_wwdg.c   0x00000000   Number         0  stm32f30x_wwdg.o ABSOLUTE
    ..\System\Std_Lib\Src\system_stm32f30x.c 0x00000000   Number         0  system_stm32f30x.o ABSOLUTE
    ..\User\Src\Queue.c                      0x00000000   Number         0  queue.o ABSOLUTE
    ..\User\Src\main.c                       0x00000000   Number         0  main.o ABSOLUTE
    ..\User\Src\stm32f3xx_it.c               0x00000000   Number         0  stm32f3xx_it.o ABSOLUTE
    ..\\Devices\\Drivers\\Src\\Dri_Buzzer.c  0x00000000   Number         0  dri_buzzer.o ABSOLUTE
    ..\\Devices\\Drivers\\Src\\Dri_LED.c     0x00000000   Number         0  dri_led.o ABSOLUTE
    ..\\Devices\\Drivers\\Src\\Dri_SysTick.h.c 0x00000000   Number         0  dri_systick.h.o ABSOLUTE
    ..\\Devices\\Drivers\\Src\\Dri_Uart.c    0x00000000   Number         0  dri_uart.o ABSOLUTE
    ..\\Devices\\Hardware\\Src\\Har_Buzzer.c 0x00000000   Number         0  har_buzzer.o ABSOLUTE
    ..\\Devices\\Hardware\\Src\\Har_LED.c    0x00000000   Number         0  har_led.o ABSOLUTE
    ..\\Devices\\Hardware\\Src\\Har_SysTick.c 0x00000000   Number         0  har_systick.o ABSOLUTE
    ..\\Devices\\Hardware\\Src\\Har_Uart.c   0x00000000   Number         0  har_uart.o ABSOLUTE
    ..\\Devices\\Hardware\\Src\\Har_stm32_dma.c 0x00000000   Number         0  har_stm32_dma.o ABSOLUTE
    ..\\System\\Core\\Src\\stm32f30x_misc.c  0x00000000   Number         0  stm32f30x_misc.o ABSOLUTE
    ..\\System\\Std_Lib\\Src\\stm32f30x_adc.c 0x00000000   Number         0  stm32f30x_adc.o ABSOLUTE
    ..\\System\\Std_Lib\\Src\\stm32f30x_can.c 0x00000000   Number         0  stm32f30x_can.o ABSOLUTE
    ..\\System\\Std_Lib\\Src\\stm32f30x_comp.c 0x00000000   Number         0  stm32f30x_comp.o ABSOLUTE
    ..\\System\\Std_Lib\\Src\\stm32f30x_crc.c 0x00000000   Number         0  stm32f30x_crc.o ABSOLUTE
    ..\\System\\Std_Lib\\Src\\stm32f30x_dac.c 0x00000000   Number         0  stm32f30x_dac.o ABSOLUTE
    ..\\System\\Std_Lib\\Src\\stm32f30x_dbgmcu.c 0x00000000   Number         0  stm32f30x_dbgmcu.o ABSOLUTE
    ..\\System\\Std_Lib\\Src\\stm32f30x_dma.c 0x00000000   Number         0  stm32f30x_dma.o ABSOLUTE
    ..\\System\\Std_Lib\\Src\\stm32f30x_exti.c 0x00000000   Number         0  stm32f30x_exti.o ABSOLUTE
    ..\\System\\Std_Lib\\Src\\stm32f30x_flash.c 0x00000000   Number         0  stm32f30x_flash.o ABSOLUTE
    ..\\System\\Std_Lib\\Src\\stm32f30x_fmc.c 0x00000000   Number         0  stm32f30x_fmc.o ABSOLUTE
    ..\\System\\Std_Lib\\Src\\stm32f30x_gpio.c 0x00000000   Number         0  stm32f30x_gpio.o ABSOLUTE
    ..\\System\\Std_Lib\\Src\\stm32f30x_hrtim.c 0x00000000   Number         0  stm32f30x_hrtim.o ABSOLUTE
    ..\\System\\Std_Lib\\Src\\stm32f30x_i2c.c 0x00000000   Number         0  stm32f30x_i2c.o ABSOLUTE
    ..\\System\\Std_Lib\\Src\\stm32f30x_iwdg.c 0x00000000   Number         0  stm32f30x_iwdg.o ABSOLUTE
    ..\\System\\Std_Lib\\Src\\stm32f30x_opamp.c 0x00000000   Number         0  stm32f30x_opamp.o ABSOLUTE
    ..\\System\\Std_Lib\\Src\\stm32f30x_pwr.c 0x00000000   Number         0  stm32f30x_pwr.o ABSOLUTE
    ..\\System\\Std_Lib\\Src\\stm32f30x_rcc.c 0x00000000   Number         0  stm32f30x_rcc.o ABSOLUTE
    ..\\System\\Std_Lib\\Src\\stm32f30x_rtc.c 0x00000000   Number         0  stm32f30x_rtc.o ABSOLUTE
    ..\\System\\Std_Lib\\Src\\stm32f30x_spi.c 0x00000000   Number         0  stm32f30x_spi.o ABSOLUTE
    ..\\System\\Std_Lib\\Src\\stm32f30x_syscfg.c 0x00000000   Number         0  stm32f30x_syscfg.o ABSOLUTE
    ..\\System\\Std_Lib\\Src\\stm32f30x_tim.c 0x00000000   Number         0  stm32f30x_tim.o ABSOLUTE
    ..\\System\\Std_Lib\\Src\\stm32f30x_usart.c 0x00000000   Number         0  stm32f30x_usart.o ABSOLUTE
    ..\\System\\Std_Lib\\Src\\stm32f30x_wwdg.c 0x00000000   Number         0  stm32f30x_wwdg.o ABSOLUTE
    ..\\System\\Std_Lib\\Src\\system_stm32f30x.c 0x00000000   Number         0  system_stm32f30x.o ABSOLUTE
    ..\\User\\Src\\main.c                    0x00000000   Number         0  main.o ABSOLUTE
    ..\\User\\Src\\stm32f3xx_it.c            0x00000000   Number         0  stm32f3xx_it.o ABSOLUTE
    dc.s                                     0x00000000   Number         0  dc.o ABSOLUTE
    RESET                                    0x08000000   Section      392  startup_stm32f303xc.o(RESET)
    !!!main                                  0x08000188   Section        8  __main.o(!!!main)
    !!!scatter                               0x08000190   Section       52  __scatter.o(!!!scatter)
    !!handler_copy                           0x080001c4   Section       26  __scatter_copy.o(!!handler_copy)
    !!handler_zi                             0x080001e0   Section       28  __scatter_zi.o(!!handler_zi)
    .ARM.Collect$$libinit$$00000000          0x080001fc   Section        2  libinit.o(.ARM.Collect$$libinit$$00000000)
    .ARM.Collect$$libinit$$00000001          0x080001fe   Section        4  libinit2.o(.ARM.Collect$$libinit$$00000001)
    .ARM.Collect$$libinit$$00000004          0x08000202   Section        0  libinit2.o(.ARM.Collect$$libinit$$00000004)
    .ARM.Collect$$libinit$$0000000A          0x08000202   Section        0  libinit2.o(.ARM.Collect$$libinit$$0000000A)
    .ARM.Collect$$libinit$$0000000C          0x08000202   Section        0  libinit2.o(.ARM.Collect$$libinit$$0000000C)
    .ARM.Collect$$libinit$$0000000E          0x08000202   Section        0  libinit2.o(.ARM.Collect$$libinit$$0000000E)
    .ARM.Collect$$libinit$$00000011          0x08000202   Section        0  libinit2.o(.ARM.Collect$$libinit$$00000011)
    .ARM.Collect$$libinit$$00000013          0x08000202   Section        0  libinit2.o(.ARM.Collect$$libinit$$00000013)
    .ARM.Collect$$libinit$$00000015          0x08000202   Section        0  libinit2.o(.ARM.Collect$$libinit$$00000015)
    .ARM.Collect$$libinit$$00000017          0x08000202   Section        0  libinit2.o(.ARM.Collect$$libinit$$00000017)
    .ARM.Collect$$libinit$$00000019          0x08000202   Section        0  libinit2.o(.ARM.Collect$$libinit$$00000019)
    .ARM.Collect$$libinit$$0000001B          0x08000202   Section        0  libinit2.o(.ARM.Collect$$libinit$$0000001B)
    .ARM.Collect$$libinit$$0000001D          0x08000202   Section        0  libinit2.o(.ARM.Collect$$libinit$$0000001D)
    .ARM.Collect$$libinit$$0000001F          0x08000202   Section        0  libinit2.o(.ARM.Collect$$libinit$$0000001F)
    .ARM.Collect$$libinit$$00000021          0x08000202   Section        0  libinit2.o(.ARM.Collect$$libinit$$00000021)
    .ARM.Collect$$libinit$$00000023          0x08000202   Section        0  libinit2.o(.ARM.Collect$$libinit$$00000023)
    .ARM.Collect$$libinit$$00000025          0x08000202   Section        0  libinit2.o(.ARM.Collect$$libinit$$00000025)
    .ARM.Collect$$libinit$$0000002C          0x08000202   Section        0  libinit2.o(.ARM.Collect$$libinit$$0000002C)
    .ARM.Collect$$libinit$$0000002E          0x08000202   Section        0  libinit2.o(.ARM.Collect$$libinit$$0000002E)
    .ARM.Collect$$libinit$$00000030          0x08000202   Section        0  libinit2.o(.ARM.Collect$$libinit$$00000030)
    .ARM.Collect$$libinit$$00000032          0x08000202   Section        0  libinit2.o(.ARM.Collect$$libinit$$00000032)
    .ARM.Collect$$libinit$$00000033          0x08000202   Section        2  libinit2.o(.ARM.Collect$$libinit$$00000033)
    .ARM.Collect$$libshutdown$$00000000      0x08000204   Section        2  libshutdown.o(.ARM.Collect$$libshutdown$$00000000)
    .ARM.Collect$$libshutdown$$00000002      0x08000206   Section        0  libshutdown2.o(.ARM.Collect$$libshutdown$$00000002)
    .ARM.Collect$$libshutdown$$00000004      0x08000206   Section        0  libshutdown2.o(.ARM.Collect$$libshutdown$$00000004)
    .ARM.Collect$$libshutdown$$00000007      0x08000206   Section        0  libshutdown2.o(.ARM.Collect$$libshutdown$$00000007)
    .ARM.Collect$$libshutdown$$0000000A      0x08000206   Section        0  libshutdown2.o(.ARM.Collect$$libshutdown$$0000000A)
    .ARM.Collect$$libshutdown$$0000000C      0x08000206   Section        0  libshutdown2.o(.ARM.Collect$$libshutdown$$0000000C)
    .ARM.Collect$$libshutdown$$0000000F      0x08000206   Section        0  libshutdown2.o(.ARM.Collect$$libshutdown$$0000000F)
    .ARM.Collect$$libshutdown$$00000010      0x08000206   Section        2  libshutdown2.o(.ARM.Collect$$libshutdown$$00000010)
    .ARM.Collect$$rtentry$$00000000          0x08000208   Section        0  __rtentry.o(.ARM.Collect$$rtentry$$00000000)
    .ARM.Collect$$rtentry$$00000002          0x08000208   Section        0  __rtentry2.o(.ARM.Collect$$rtentry$$00000002)
    .ARM.Collect$$rtentry$$00000004          0x08000208   Section        6  __rtentry4.o(.ARM.Collect$$rtentry$$00000004)
    .ARM.Collect$$rtentry$$00000009          0x0800020e   Section        0  __rtentry2.o(.ARM.Collect$$rtentry$$00000009)
    .ARM.Collect$$rtentry$$0000000A          0x0800020e   Section        4  __rtentry2.o(.ARM.Collect$$rtentry$$0000000A)
    .ARM.Collect$$rtentry$$0000000C          0x08000212   Section        0  __rtentry2.o(.ARM.Collect$$rtentry$$0000000C)
    .ARM.Collect$$rtentry$$0000000D          0x08000212   Section        8  __rtentry2.o(.ARM.Collect$$rtentry$$0000000D)
    .ARM.Collect$$rtexit$$00000000           0x0800021a   Section        2  rtexit.o(.ARM.Collect$$rtexit$$00000000)
    .ARM.Collect$$rtexit$$00000002           0x0800021c   Section        0  rtexit2.o(.ARM.Collect$$rtexit$$00000002)
    .ARM.Collect$$rtexit$$00000003           0x0800021c   Section        4  rtexit2.o(.ARM.Collect$$rtexit$$00000003)
    .ARM.Collect$$rtexit$$00000004           0x08000220   Section        6  rtexit2.o(.ARM.Collect$$rtexit$$00000004)
    .text                                    0x08000228   Section       64  startup_stm32f303xc.o(.text)
    $v0                                      0x08000228   Number         0  startup_stm32f303xc.o(.text)
    .text                                    0x08000268   Section        0  heapauxi.o(.text)
    .text                                    0x0800026e   Section       74  sys_stackheap_outer.o(.text)
    .text                                    0x080002b8   Section        0  exit.o(.text)
    .text                                    0x080002cc   Section        8  libspace.o(.text)
    .text                                    0x080002d4   Section        0  sys_exit.o(.text)
    .text                                    0x080002e0   Section        2  use_no_semi.o(.text)
    .text                                    0x080002e2   Section        0  indicate_semi.o(.text)
    i.BusFault_Handler                       0x080002e2   Section        0  stm32f3xx_it.o(i.BusFault_Handler)
    i.Buzzer_Init                            0x080002e6   Section        0  dri_buzzer.o(i.Buzzer_Init)
    i.Buzzer_PinInit                         0x080002f0   Section        0  har_buzzer.o(i.Buzzer_PinInit)
    i.CompareSysTime                         0x08000328   Section        0  dri_systick.h.o(i.CompareSysTime)
    i.DMA1_Channel2_IRQHandler               0x08000380   Section        0  stm32f3xx_it.o(i.DMA1_Channel2_IRQHandler)
    i.DMA1_Channel3_IRQHandler               0x08000382   Section        0  stm32f3xx_it.o(i.DMA1_Channel3_IRQHandler)
    i.DMA1_Channel4_IRQHandler               0x08000384   Section        0  stm32f3xx_it.o(i.DMA1_Channel4_IRQHandler)
    i.DMA1_Channel5_IRQHandler               0x08000386   Section        0  stm32f3xx_it.o(i.DMA1_Channel5_IRQHandler)
    i.DMA1_Channel6_IRQHandler               0x08000388   Section        0  stm32f3xx_it.o(i.DMA1_Channel6_IRQHandler)
    i.DMA1_Channel7_IRQHandler               0x0800038a   Section        0  stm32f3xx_it.o(i.DMA1_Channel7_IRQHandler)
    i.DebugMon_Handler                       0x0800038c   Section        0  stm32f3xx_it.o(i.DebugMon_Handler)
    i.GPIO_Init                              0x0800038e   Section        0  stm32f30x_gpio.o(i.GPIO_Init)
    i.GPIO_PinAFConfig                       0x08000424   Section        0  stm32f30x_gpio.o(i.GPIO_PinAFConfig)
    i.GPIO_ReadOutputDataBit                 0x0800046a   Section        0  stm32f30x_gpio.o(i.GPIO_ReadOutputDataBit)
    i.GPIO_SetBits                           0x0800047c   Section        0  stm32f30x_gpio.o(i.GPIO_SetBits)
    i.GPIO_WriteBit                          0x08000480   Section        0  stm32f30x_gpio.o(i.GPIO_WriteBit)
    i.HardFault_Handler                      0x0800048a   Section        0  stm32f3xx_it.o(i.HardFault_Handler)
    i.I2C1_ER_IRQHandler                     0x0800048e   Section        0  stm32f3xx_it.o(i.I2C1_ER_IRQHandler)
    i.I2C1_EV_IRQHandler                     0x08000490   Section        0  stm32f3xx_it.o(i.I2C1_EV_IRQHandler)
    i.MemManage_Handler                      0x08000492   Section        0  stm32f3xx_it.o(i.MemManage_Handler)
    i.NMI_Handler                            0x08000496   Section        0  stm32f3xx_it.o(i.NMI_Handler)
    i.NVIC_Init                              0x08000498   Section        0  stm32f30x_misc.o(i.NVIC_Init)
    i.PendSV_Handler                         0x08000508   Section        0  stm32f3xx_it.o(i.PendSV_Handler)
    i.RCC_AHBPeriphClockCmd                  0x0800050c   Section        0  stm32f30x_rcc.o(i.RCC_AHBPeriphClockCmd)
    i.RCC_APB2PeriphClockCmd                 0x0800052c   Section        0  stm32f30x_rcc.o(i.RCC_APB2PeriphClockCmd)
    i.RCC_GetClocksFreq                      0x0800054c   Section        0  stm32f30x_rcc.o(i.RCC_GetClocksFreq)
    i.ReSetTimerTemp                         0x08000ab4   Section        0  dri_systick.h.o(i.ReSetTimerTemp)
    i.SVC_Handler                            0x08000aba   Section        0  stm32f3xx_it.o(i.SVC_Handler)
    i.SetSysClock                            0x08000abc   Section        0  system_stm32f30x.o(i.SetSysClock)
    SetSysClock                              0x08000abd   Thumb Code   188  system_stm32f30x.o(i.SetSysClock)
    i.SysTick_Handler                        0x08000b80   Section        0  stm32f3xx_it.o(i.SysTick_Handler)
    i.SysTick_Init                           0x08000b90   Section        0  har_systick.o(i.SysTick_Init)
    i.Sys_LED_Init                           0x08000bf4   Section        0  dri_led.o(i.Sys_LED_Init)
    i.Sys_LED_Negative                       0x08000bfc   Section        0  dri_led.o(i.Sys_LED_Negative)
    i.Sys_LED_OFF                            0x08000c04   Section        0  dri_led.o(i.Sys_LED_OFF)
    i.Sys_LED_PinInit                        0x08000c0c   Section        0  har_led.o(i.Sys_LED_PinInit)
    i.Sys_LED_PinNegative                    0x08000c40   Section        0  har_led.o(i.Sys_LED_PinNegative)
    i.Sys_LED_PinSet                         0x08000c60   Section        0  har_led.o(i.Sys_LED_PinSet)
    i.SystemInit                             0x08000c70   Section        0  system_stm32f30x.o(i.SystemInit)
    i.SystemTime_Init                        0x08000cf4   Section        0  dri_systick.h.o(i.SystemTime_Init)
    i.TIM7_IRQHandler                        0x08000cfc   Section        0  stm32f3xx_it.o(i.TIM7_IRQHandler)
    i.UART1_Init                             0x08000d00   Section        0  har_uart.o(i.UART1_Init)
    i.USART1_IRQHandler                      0x08000de0   Section        0  stm32f3xx_it.o(i.USART1_IRQHandler)
    i.USART3_IRQHandler                      0x08000e64   Section        0  stm32f3xx_it.o(i.USART3_IRQHandler)
    i.USART_ClearFlag                        0x08000e66   Section        0  stm32f30x_usart.o(i.USART_ClearFlag)
    i.USART_ClearITPendingBit                0x08000e6a   Section        0  stm32f30x_usart.o(i.USART_ClearITPendingBit)
    i.USART_Cmd                              0x08000e7c   Section        0  stm32f30x_usart.o(i.USART_Cmd)
    i.USART_GetITStatus                      0x08000e92   Section        0  stm32f30x_usart.o(i.USART_GetITStatus)
    i.USART_ITConfig                         0x08000edc   Section        0  stm32f30x_usart.o(i.USART_ITConfig)
    i.USART_Init                             0x08000f18   Section        0  stm32f30x_usart.o(i.USART_Init)
    i.Uart1_Init                             0x08001004   Section        0  dri_uart.o(i.Uart1_Init)
    i.UsageFault_Handler                     0x08001010   Section        0  stm32f3xx_it.o(i.UsageFault_Handler)
    i.WaitSysTime_UnBlocked                  0x08001014   Section        0  dri_systick.h.o(i.WaitSysTime_UnBlocked)
    i.main                                   0x08001054   Section        0  main.o(i.main)
    x$fpl$fpinit                             0x0800108e   Section       10  fpinit.o(x$fpl$fpinit)
    $v0                                      0x0800108e   Number         0  fpinit.o(x$fpl$fpinit)
    .data                                    0x20000000   Section        4  dri_systick.h.o(.data)
    .data                                    0x20000004   Section       48  stm32f30x_rcc.o(.data)
    APBAHBPrescTable                         0x20000004   Data          16  stm32f30x_rcc.o(.data)
    ADCPrescTable                            0x20000014   Data          32  stm32f30x_rcc.o(.data)
    .data                                    0x20000034   Section       20  system_stm32f30x.o(.data)
    .bss                                     0x20000048   Section      408  dri_uart.o(.bss)
    .bss                                     0x200001e0   Section       96  libspace.o(.bss)
    HEAP                                     0x20000240   Section      512  startup_stm32f303xc.o(HEAP)
    Heap_Mem                                 0x20000240   Data         512  startup_stm32f303xc.o(HEAP)
    STACK                                    0x20000440   Section     1024  startup_stm32f303xc.o(STACK)
    Stack_Mem                                0x20000440   Data        1024  startup_stm32f303xc.o(STACK)
    __initial_sp                             0x20000840   Data           0  startup_stm32f303xc.o(STACK)

    Global Symbols

    Symbol Name                              Value     Ov Type        Size  Object(Section)

    BuildAttributes$$THM_ISAv4$E$P$D$K$B$S$7EM$VFPi3$EXTD16$VFPS$VFMA$PE$A:L22UL41UL21$X:L11$S22US41US21$IEEE1$IW$USESV6$~STKCKD$USESV7$~SHL$OSPACE$ROPI$EBA8$UX$STANDARDLIB$REQ8$PRES8$EABIv2 0x00000000   Number         0  anon$$obj.o ABSOLUTE
    __ARM_use_no_argv                        0x00000000   Number         0  main.o ABSOLUTE
    __ARM_exceptions_init                     - Undefined Weak Reference
    __alloca_initialize                       - Undefined Weak Reference
    __arm_preinit_                            - Undefined Weak Reference
    __cpp_initialize__aeabi_                  - Undefined Weak Reference
    __cxa_finalize                            - Undefined Weak Reference
    __rt_locale                               - Undefined Weak Reference
    __sigvec_lookup                           - Undefined Weak Reference
    _atexit_init                              - Undefined Weak Reference
    _call_atexit_fns                          - Undefined Weak Reference
    _clock_init                               - Undefined Weak Reference
    _fp_trap_init                             - Undefined Weak Reference
    _fp_trap_shutdown                         - Undefined Weak Reference
    _get_lc_collate                           - Undefined Weak Reference
    _get_lc_ctype                             - Undefined Weak Reference
    _get_lc_monetary                          - Undefined Weak Reference
    _get_lc_numeric                           - Undefined Weak Reference
    _get_lc_time                              - Undefined Weak Reference
    _getenv_init                              - Undefined Weak Reference
    _handle_redirection                       - Undefined Weak Reference
    _init_alloc                               - Undefined Weak Reference
    _init_user_alloc                          - Undefined Weak Reference
    _initio                                   - Undefined Weak Reference
    _rand_init                                - Undefined Weak Reference
    _signal_finish                            - Undefined Weak Reference
    _signal_init                              - Undefined Weak Reference
    _terminate_alloc                          - Undefined Weak Reference
    _terminate_user_alloc                     - Undefined Weak Reference
    _terminateio                              - Undefined Weak Reference
    __Vectors_Size                           0x00000188   Number         0  startup_stm32f303xc.o ABSOLUTE
    __Vectors                                0x08000000   Data           4  startup_stm32f303xc.o(RESET)
    __Vectors_End                            0x08000188   Data           0  startup_stm32f303xc.o(RESET)
    __main                                   0x08000189   Thumb Code     8  __main.o(!!!main)
    __scatterload                            0x08000191   Thumb Code     0  __scatter.o(!!!scatter)
    __scatterload_rt2                        0x08000191   Thumb Code    44  __scatter.o(!!!scatter)
    __scatterload_rt2_thumb_only             0x08000191   Thumb Code     0  __scatter.o(!!!scatter)
    __scatterload_null                       0x0800019f   Thumb Code     0  __scatter.o(!!!scatter)
    __scatterload_copy                       0x080001c5   Thumb Code    26  __scatter_copy.o(!!handler_copy)
    __scatterload_zeroinit                   0x080001e1   Thumb Code    28  __scatter_zi.o(!!handler_zi)
    __rt_lib_init                            0x080001fd   Thumb Code     0  libinit.o(.ARM.Collect$$libinit$$00000000)
    __rt_lib_init_fp_1                       0x080001ff   Thumb Code     0  libinit2.o(.ARM.Collect$$libinit$$00000001)
    __rt_lib_init_alloca_1                   0x08000203   Thumb Code     0  libinit2.o(.ARM.Collect$$libinit$$0000002E)
    __rt_lib_init_argv_1                     0x08000203   Thumb Code     0  libinit2.o(.ARM.Collect$$libinit$$0000002C)
    __rt_lib_init_atexit_1                   0x08000203   Thumb Code     0  libinit2.o(.ARM.Collect$$libinit$$0000001B)
    __rt_lib_init_clock_1                    0x08000203   Thumb Code     0  libinit2.o(.ARM.Collect$$libinit$$00000021)
    __rt_lib_init_cpp_1                      0x08000203   Thumb Code     0  libinit2.o(.ARM.Collect$$libinit$$00000032)
    __rt_lib_init_exceptions_1               0x08000203   Thumb Code     0  libinit2.o(.ARM.Collect$$libinit$$00000030)
    __rt_lib_init_fp_trap_1                  0x08000203   Thumb Code     0  libinit2.o(.ARM.Collect$$libinit$$0000001F)
    __rt_lib_init_getenv_1                   0x08000203   Thumb Code     0  libinit2.o(.ARM.Collect$$libinit$$00000023)
    __rt_lib_init_heap_1                     0x08000203   Thumb Code     0  libinit2.o(.ARM.Collect$$libinit$$0000000A)
    __rt_lib_init_lc_collate_1               0x08000203   Thumb Code     0  libinit2.o(.ARM.Collect$$libinit$$00000011)
    __rt_lib_init_lc_ctype_1                 0x08000203   Thumb Code     0  libinit2.o(.ARM.Collect$$libinit$$00000013)
    __rt_lib_init_lc_monetary_1              0x08000203   Thumb Code     0  libinit2.o(.ARM.Collect$$libinit$$00000015)
    __rt_lib_init_lc_numeric_1               0x08000203   Thumb Code     0  libinit2.o(.ARM.Collect$$libinit$$00000017)
    __rt_lib_init_lc_time_1                  0x08000203   Thumb Code     0  libinit2.o(.ARM.Collect$$libinit$$00000019)
    __rt_lib_init_preinit_1                  0x08000203   Thumb Code     0  libinit2.o(.ARM.Collect$$libinit$$00000004)
    __rt_lib_init_rand_1                     0x08000203   Thumb Code     0  libinit2.o(.ARM.Collect$$libinit$$0000000E)
    __rt_lib_init_return                     0x08000203   Thumb Code     0  libinit2.o(.ARM.Collect$$libinit$$00000033)
    __rt_lib_init_signal_1                   0x08000203   Thumb Code     0  libinit2.o(.ARM.Collect$$libinit$$0000001D)
    __rt_lib_init_stdio_1                    0x08000203   Thumb Code     0  libinit2.o(.ARM.Collect$$libinit$$00000025)
    __rt_lib_init_user_alloc_1               0x08000203   Thumb Code     0  libinit2.o(.ARM.Collect$$libinit$$0000000C)
    __rt_lib_shutdown                        0x08000205   Thumb Code     0  libshutdown.o(.ARM.Collect$$libshutdown$$00000000)
    __rt_lib_shutdown_cpp_1                  0x08000207   Thumb Code     0  libshutdown2.o(.ARM.Collect$$libshutdown$$00000002)
    __rt_lib_shutdown_fp_trap_1              0x08000207   Thumb Code     0  libshutdown2.o(.ARM.Collect$$libshutdown$$00000007)
    __rt_lib_shutdown_heap_1                 0x08000207   Thumb Code     0  libshutdown2.o(.ARM.Collect$$libshutdown$$0000000F)
    __rt_lib_shutdown_return                 0x08000207   Thumb Code     0  libshutdown2.o(.ARM.Collect$$libshutdown$$00000010)
    __rt_lib_shutdown_signal_1               0x08000207   Thumb Code     0  libshutdown2.o(.ARM.Collect$$libshutdown$$0000000A)
    __rt_lib_shutdown_stdio_1                0x08000207   Thumb Code     0  libshutdown2.o(.ARM.Collect$$libshutdown$$00000004)
    __rt_lib_shutdown_user_alloc_1           0x08000207   Thumb Code     0  libshutdown2.o(.ARM.Collect$$libshutdown$$0000000C)
    __rt_entry                               0x08000209   Thumb Code     0  __rtentry.o(.ARM.Collect$$rtentry$$00000000)
    __rt_entry_presh_1                       0x08000209   Thumb Code     0  __rtentry2.o(.ARM.Collect$$rtentry$$00000002)
    __rt_entry_sh                            0x08000209   Thumb Code     0  __rtentry4.o(.ARM.Collect$$rtentry$$00000004)
    __rt_entry_li                            0x0800020f   Thumb Code     0  __rtentry2.o(.ARM.Collect$$rtentry$$0000000A)
    __rt_entry_postsh_1                      0x0800020f   Thumb Code     0  __rtentry2.o(.ARM.Collect$$rtentry$$00000009)
    __rt_entry_main                          0x08000213   Thumb Code     0  __rtentry2.o(.ARM.Collect$$rtentry$$0000000D)
    __rt_entry_postli_1                      0x08000213   Thumb Code     0  __rtentry2.o(.ARM.Collect$$rtentry$$0000000C)
    __rt_exit                                0x0800021b   Thumb Code     0  rtexit.o(.ARM.Collect$$rtexit$$00000000)
    __rt_exit_ls                             0x0800021d   Thumb Code     0  rtexit2.o(.ARM.Collect$$rtexit$$00000003)
    __rt_exit_prels_1                        0x0800021d   Thumb Code     0  rtexit2.o(.ARM.Collect$$rtexit$$00000002)
    __rt_exit_exit                           0x08000221   Thumb Code     0  rtexit2.o(.ARM.Collect$$rtexit$$00000004)
    Reset_Handler                            0x08000229   Thumb Code     8  startup_stm32f303xc.o(.text)
    ADC1_2_IRQHandler                        0x08000243   Thumb Code     0  startup_stm32f303xc.o(.text)
    ADC3_IRQHandler                          0x08000243   Thumb Code     0  startup_stm32f303xc.o(.text)
    ADC4_IRQHandler                          0x08000243   Thumb Code     0  startup_stm32f303xc.o(.text)
    CAN1_RX1_IRQHandler                      0x08000243   Thumb Code     0  startup_stm32f303xc.o(.text)
    CAN1_SCE_IRQHandler                      0x08000243   Thumb Code     0  startup_stm32f303xc.o(.text)
    COMP1_2_3_IRQHandler                     0x08000243   Thumb Code     0  startup_stm32f303xc.o(.text)
    COMP4_5_6_IRQHandler                     0x08000243   Thumb Code     0  startup_stm32f303xc.o(.text)
    COMP7_IRQHandler                         0x08000243   Thumb Code     0  startup_stm32f303xc.o(.text)
    DMA1_Channel1_IRQHandler                 0x08000243   Thumb Code     0  startup_stm32f303xc.o(.text)
    DMA2_Channel1_IRQHandler                 0x08000243   Thumb Code     0  startup_stm32f303xc.o(.text)
    DMA2_Channel2_IRQHandler                 0x08000243   Thumb Code     0  startup_stm32f303xc.o(.text)
    DMA2_Channel3_IRQHandler                 0x08000243   Thumb Code     0  startup_stm32f303xc.o(.text)
    DMA2_Channel4_IRQHandler                 0x08000243   Thumb Code     0  startup_stm32f303xc.o(.text)
    DMA2_Channel5_IRQHandler                 0x08000243   Thumb Code     0  startup_stm32f303xc.o(.text)
    EXTI0_IRQHandler                         0x08000243   Thumb Code     0  startup_stm32f303xc.o(.text)
    EXTI15_10_IRQHandler                     0x08000243   Thumb Code     0  startup_stm32f303xc.o(.text)
    EXTI1_IRQHandler                         0x08000243   Thumb Code     0  startup_stm32f303xc.o(.text)
    EXTI2_TS_IRQHandler                      0x08000243   Thumb Code     0  startup_stm32f303xc.o(.text)
    EXTI3_IRQHandler                         0x08000243   Thumb Code     0  startup_stm32f303xc.o(.text)
    EXTI4_IRQHandler                         0x08000243   Thumb Code     0  startup_stm32f303xc.o(.text)
    EXTI9_5_IRQHandler                       0x08000243   Thumb Code     0  startup_stm32f303xc.o(.text)
    FLASH_IRQHandler                         0x08000243   Thumb Code     0  startup_stm32f303xc.o(.text)
    FPU_IRQHandler                           0x08000243   Thumb Code     0  startup_stm32f303xc.o(.text)
    I2C2_ER_IRQHandler                       0x08000243   Thumb Code     0  startup_stm32f303xc.o(.text)
    I2C2_EV_IRQHandler                       0x08000243   Thumb Code     0  startup_stm32f303xc.o(.text)
    PVD_IRQHandler                           0x08000243   Thumb Code     0  startup_stm32f303xc.o(.text)
    RCC_IRQHandler                           0x08000243   Thumb Code     0  startup_stm32f303xc.o(.text)
    RTC_Alarm_IRQHandler                     0x08000243   Thumb Code     0  startup_stm32f303xc.o(.text)
    RTC_WKUP_IRQHandler                      0x08000243   Thumb Code     0  startup_stm32f303xc.o(.text)
    SPI1_IRQHandler                          0x08000243   Thumb Code     0  startup_stm32f303xc.o(.text)
    SPI2_IRQHandler                          0x08000243   Thumb Code     0  startup_stm32f303xc.o(.text)
    SPI3_IRQHandler                          0x08000243   Thumb Code     0  startup_stm32f303xc.o(.text)
    TAMPER_STAMP_IRQHandler                  0x08000243   Thumb Code     0  startup_stm32f303xc.o(.text)
    TIM1_BRK_TIM15_IRQHandler                0x08000243   Thumb Code     0  startup_stm32f303xc.o(.text)
    TIM1_CC_IRQHandler                       0x08000243   Thumb Code     0  startup_stm32f303xc.o(.text)
    TIM1_TRG_COM_TIM17_IRQHandler            0x08000243   Thumb Code     0  startup_stm32f303xc.o(.text)
    TIM1_UP_TIM16_IRQHandler                 0x08000243   Thumb Code     0  startup_stm32f303xc.o(.text)
    TIM2_IRQHandler                          0x08000243   Thumb Code     0  startup_stm32f303xc.o(.text)
    TIM3_IRQHandler                          0x08000243   Thumb Code     0  startup_stm32f303xc.o(.text)
    TIM4_IRQHandler                          0x08000243   Thumb Code     0  startup_stm32f303xc.o(.text)
    TIM6_DAC_IRQHandler                      0x08000243   Thumb Code     0  startup_stm32f303xc.o(.text)
    TIM8_BRK_IRQHandler                      0x08000243   Thumb Code     0  startup_stm32f303xc.o(.text)
    TIM8_CC_IRQHandler                       0x08000243   Thumb Code     0  startup_stm32f303xc.o(.text)
    TIM8_TRG_COM_IRQHandler                  0x08000243   Thumb Code     0  startup_stm32f303xc.o(.text)
    TIM8_UP_IRQHandler                       0x08000243   Thumb Code     0  startup_stm32f303xc.o(.text)
    UART4_IRQHandler                         0x08000243   Thumb Code     0  startup_stm32f303xc.o(.text)
    UART5_IRQHandler                         0x08000243   Thumb Code     0  startup_stm32f303xc.o(.text)
    USART2_IRQHandler                        0x08000243   Thumb Code     0  startup_stm32f303xc.o(.text)
    USBWakeUp_IRQHandler                     0x08000243   Thumb Code     0  startup_stm32f303xc.o(.text)
    USBWakeUp_RMP_IRQHandler                 0x08000243   Thumb Code     0  startup_stm32f303xc.o(.text)
    USB_HP_CAN1_TX_IRQHandler                0x08000243   Thumb Code     0  startup_stm32f303xc.o(.text)
    USB_HP_IRQHandler                        0x08000243   Thumb Code     0  startup_stm32f303xc.o(.text)
    USB_LP_CAN1_RX0_IRQHandler               0x08000243   Thumb Code     0  startup_stm32f303xc.o(.text)
    USB_LP_IRQHandler                        0x08000243   Thumb Code     0  startup_stm32f303xc.o(.text)
    WWDG_IRQHandler                          0x08000243   Thumb Code     0  startup_stm32f303xc.o(.text)
    __user_initial_stackheap                 0x08000245   Thumb Code     0  startup_stm32f303xc.o(.text)
    __use_two_region_memory                  0x08000269   Thumb Code     2  heapauxi.o(.text)
    __rt_heap_escrow$2region                 0x0800026b   Thumb Code     2  heapauxi.o(.text)
    __rt_heap_expand$2region                 0x0800026d   Thumb Code     2  heapauxi.o(.text)
    __user_setup_stackheap                   0x0800026f   Thumb Code    74  sys_stackheap_outer.o(.text)
    exit                                     0x080002b9   Thumb Code    18  exit.o(.text)
    __user_libspace                          0x080002cd   Thumb Code     8  libspace.o(.text)
    __user_perproc_libspace                  0x080002cd   Thumb Code     0  libspace.o(.text)
    __user_perthread_libspace                0x080002cd   Thumb Code     0  libspace.o(.text)
    _sys_exit                                0x080002d5   Thumb Code     8  sys_exit.o(.text)
    __I$use$semihosting                      0x080002e1   Thumb Code     0  use_no_semi.o(.text)
    __use_no_semihosting_swi                 0x080002e1   Thumb Code     2  use_no_semi.o(.text)
    BusFault_Handler                         0x080002e3   Thumb Code     4  stm32f3xx_it.o(i.BusFault_Handler)
    __semihosting_library_function           0x080002e3   Thumb Code     0  indicate_semi.o(.text)
    Buzzer_Init                              0x080002e7   Thumb Code     8  dri_buzzer.o(i.Buzzer_Init)
    Buzzer_PinInit                           0x080002f1   Thumb Code    50  har_buzzer.o(i.Buzzer_PinInit)
    CompareSysTime                           0x08000329   Thumb Code    70  dri_systick.h.o(i.CompareSysTime)
    DMA1_Channel2_IRQHandler                 0x08000381   Thumb Code     2  stm32f3xx_it.o(i.DMA1_Channel2_IRQHandler)
    DMA1_Channel3_IRQHandler                 0x08000383   Thumb Code     2  stm32f3xx_it.o(i.DMA1_Channel3_IRQHandler)
    DMA1_Channel4_IRQHandler                 0x08000385   Thumb Code     2  stm32f3xx_it.o(i.DMA1_Channel4_IRQHandler)
    DMA1_Channel5_IRQHandler                 0x08000387   Thumb Code     2  stm32f3xx_it.o(i.DMA1_Channel5_IRQHandler)
    DMA1_Channel6_IRQHandler                 0x08000389   Thumb Code     2  stm32f3xx_it.o(i.DMA1_Channel6_IRQHandler)
    DMA1_Channel7_IRQHandler                 0x0800038b   Thumb Code     2  stm32f3xx_it.o(i.DMA1_Channel7_IRQHandler)
    DebugMon_Handler                         0x0800038d   Thumb Code     2  stm32f3xx_it.o(i.DebugMon_Handler)
    GPIO_Init                                0x0800038f   Thumb Code   150  stm32f30x_gpio.o(i.GPIO_Init)
    GPIO_PinAFConfig                         0x08000425   Thumb Code    70  stm32f30x_gpio.o(i.GPIO_PinAFConfig)
    GPIO_ReadOutputDataBit                   0x0800046b   Thumb Code    18  stm32f30x_gpio.o(i.GPIO_ReadOutputDataBit)
    GPIO_SetBits                             0x0800047d   Thumb Code     4  stm32f30x_gpio.o(i.GPIO_SetBits)
    GPIO_WriteBit                            0x08000481   Thumb Code    10  stm32f30x_gpio.o(i.GPIO_WriteBit)
    HardFault_Handler                        0x0800048b   Thumb Code     4  stm32f3xx_it.o(i.HardFault_Handler)
    I2C1_ER_IRQHandler                       0x0800048f   Thumb Code     2  stm32f3xx_it.o(i.I2C1_ER_IRQHandler)
    I2C1_EV_IRQHandler                       0x08000491   Thumb Code     2  stm32f3xx_it.o(i.I2C1_EV_IRQHandler)
    MemManage_Handler                        0x08000493   Thumb Code     4  stm32f3xx_it.o(i.MemManage_Handler)
    NMI_Handler                              0x08000497   Thumb Code     2  stm32f3xx_it.o(i.NMI_Handler)
    NVIC_Init                                0x08000499   Thumb Code   100  stm32f30x_misc.o(i.NVIC_Init)
    PendSV_Handler                           0x08000509   Thumb Code     2  stm32f3xx_it.o(i.PendSV_Handler)
    RCC_AHBPeriphClockCmd                    0x0800050d   Thumb Code    26  stm32f30x_rcc.o(i.RCC_AHBPeriphClockCmd)
    RCC_APB2PeriphClockCmd                   0x0800052d   Thumb Code    26  stm32f30x_rcc.o(i.RCC_APB2PeriphClockCmd)
    RCC_GetClocksFreq                        0x0800054d   Thumb Code  1364  stm32f30x_rcc.o(i.RCC_GetClocksFreq)
    ReSetTimerTemp                           0x08000ab5   Thumb Code     6  dri_systick.h.o(i.ReSetTimerTemp)
    SVC_Handler                              0x08000abb   Thumb Code     2  stm32f3xx_it.o(i.SVC_Handler)
    SysTick_Handler                          0x08000b81   Thumb Code    12  stm32f3xx_it.o(i.SysTick_Handler)
    SysTick_Init                             0x08000b91   Thumb Code    82  har_systick.o(i.SysTick_Init)
    Sys_LED_Init                             0x08000bf5   Thumb Code     8  dri_led.o(i.Sys_LED_Init)
    Sys_LED_Negative                         0x08000bfd   Thumb Code     8  dri_led.o(i.Sys_LED_Negative)
    Sys_LED_OFF                              0x08000c05   Thumb Code     8  dri_led.o(i.Sys_LED_OFF)
    Sys_LED_PinInit                          0x08000c0d   Thumb Code    48  har_led.o(i.Sys_LED_PinInit)
    Sys_LED_PinNegative                      0x08000c41   Thumb Code    28  har_led.o(i.Sys_LED_PinNegative)
    Sys_LED_PinSet                           0x08000c61   Thumb Code    12  har_led.o(i.Sys_LED_PinSet)
    SystemInit                               0x08000c71   Thumb Code   112  system_stm32f30x.o(i.SystemInit)
    SystemTime_Init                          0x08000cf5   Thumb Code     8  dri_systick.h.o(i.SystemTime_Init)
    TIM7_IRQHandler                          0x08000cfd   Thumb Code     2  stm32f3xx_it.o(i.TIM7_IRQHandler)
    UART1_Init                               0x08000d01   Thumb Code   212  har_uart.o(i.UART1_Init)
    USART1_IRQHandler                        0x08000de1   Thumb Code   110  stm32f3xx_it.o(i.USART1_IRQHandler)
    USART3_IRQHandler                        0x08000e65   Thumb Code     2  stm32f3xx_it.o(i.USART3_IRQHandler)
    USART_ClearFlag                          0x08000e67   Thumb Code     4  stm32f30x_usart.o(i.USART_ClearFlag)
    USART_ClearITPendingBit                  0x08000e6b   Thumb Code    18  stm32f30x_usart.o(i.USART_ClearITPendingBit)
    USART_Cmd                                0x08000e7d   Thumb Code    22  stm32f30x_usart.o(i.USART_Cmd)
    USART_GetITStatus                        0x08000e93   Thumb Code    74  stm32f30x_usart.o(i.USART_GetITStatus)
    USART_ITConfig                           0x08000edd   Thumb Code    58  stm32f30x_usart.o(i.USART_ITConfig)
    USART_Init                               0x08000f19   Thumb Code   220  stm32f30x_usart.o(i.USART_Init)
    Uart1_Init                               0x08001005   Thumb Code    12  dri_uart.o(i.Uart1_Init)
    UsageFault_Handler                       0x08001011   Thumb Code     4  stm32f3xx_it.o(i.UsageFault_Handler)
    WaitSysTime_UnBlocked                    0x08001015   Thumb Code    58  dri_systick.h.o(i.WaitSysTime_UnBlocked)
    main                                     0x08001055   Thumb Code    58  main.o(i.main)
    _fp_init                                 0x0800108f   Thumb Code    10  fpinit.o(x$fpl$fpinit)
    __fplib_config_fpu_vfp                   0x08001097   Thumb Code     0  fpinit.o(x$fpl$fpinit)
    __fplib_config_pureend_doubles           0x08001097   Thumb Code     0  fpinit.o(x$fpl$fpinit)
    Region$$Table$$Base                      0x08001098   Number         0  anon$$obj.o(Region$$Table)
    Region$$Table$$Limit                     0x080010b8   Number         0  anon$$obj.o(Region$$Table)
    systemTime                               0x20000000   Data           4  dri_systick.h.o(.data)
    SystemCoreClock                          0x20000034   Data           4  system_stm32f30x.o(.data)
    AHBPrescTable                            0x20000038   Data          16  system_stm32f30x.o(.data)
    Uart1_Tx_Queue                           0x20000048   Data         102  dri_uart.o(.bss)
    Uart1_Rx_Queue                           0x200000ae   Data         102  dri_uart.o(.bss)
    uart1_RX_Buffer                          0x20000114   Data         102  dri_uart.o(.bss)
    uart1_Tx_Buffer                          0x2000017a   Data         102  dri_uart.o(.bss)
    __libspace_start                         0x200001e0   Data          96  libspace.o(.bss)
    __temporary_stack_top$libspace           0x20000240   Data           0  libspace.o(.bss)



==============================================================================

Memory Map of the image

  Image Entry point : 0x08000189

  Load Region LR_IROM1 (Base: 0x08000000, Size: 0x00001100, Max: 0x00040000, ABSOLUTE)

    Execution Region ER_IROM1 (Exec base: 0x08000000, Load base: 0x08000000, Size: 0x000010b8, Max: 0x00040000, ABSOLUTE)

    Exec Addr    Load Addr    Size         Type   Attr      Idx    E Section Name        Object

    0x08000000   0x08000000   0x00000188   Data   RO          152    RESET               startup_stm32f303xc.o
    0x08000188   0x08000188   0x00000008   Code   RO         5329  * !!!main             c_w.l(__main.o)
    0x08000190   0x08000190   0x00000034   Code   RO         5488    !!!scatter          c_w.l(__scatter.o)
    0x080001c4   0x080001c4   0x0000001a   Code   RO         5490    !!handler_copy      c_w.l(__scatter_copy.o)
    0x080001de   0x080001de   0x00000002   PAD
    0x080001e0   0x080001e0   0x0000001c   Code   RO         5492    !!handler_zi        c_w.l(__scatter_zi.o)
    0x080001fc   0x080001fc   0x00000002   Code   RO         5358    .ARM.Collect$$libinit$$00000000  c_w.l(libinit.o)
    0x080001fe   0x080001fe   0x00000004   Code   RO         5364    .ARM.Collect$$libinit$$00000001  c_w.l(libinit2.o)
    0x08000202   0x08000202   0x00000000   Code   RO         5367    .ARM.Collect$$libinit$$00000004  c_w.l(libinit2.o)
    0x08000202   0x08000202   0x00000000   Code   RO         5370    .ARM.Collect$$libinit$$0000000A  c_w.l(libinit2.o)
    0x08000202   0x08000202   0x00000000   Code   RO         5372    .ARM.Collect$$libinit$$0000000C  c_w.l(libinit2.o)
    0x08000202   0x08000202   0x00000000   Code   RO         5374    .ARM.Collect$$libinit$$0000000E  c_w.l(libinit2.o)
    0x08000202   0x08000202   0x00000000   Code   RO         5377    .ARM.Collect$$libinit$$00000011  c_w.l(libinit2.o)
    0x08000202   0x08000202   0x00000000   Code   RO         5379    .ARM.Collect$$libinit$$00000013  c_w.l(libinit2.o)
    0x08000202   0x08000202   0x00000000   Code   RO         5381    .ARM.Collect$$libinit$$00000015  c_w.l(libinit2.o)
    0x08000202   0x08000202   0x00000000   Code   RO         5383    .ARM.Collect$$libinit$$00000017  c_w.l(libinit2.o)
    0x08000202   0x08000202   0x00000000   Code   RO         5385    .ARM.Collect$$libinit$$00000019  c_w.l(libinit2.o)
    0x08000202   0x08000202   0x00000000   Code   RO         5387    .ARM.Collect$$libinit$$0000001B  c_w.l(libinit2.o)
    0x08000202   0x08000202   0x00000000   Code   RO         5389    .ARM.Collect$$libinit$$0000001D  c_w.l(libinit2.o)
    0x08000202   0x08000202   0x00000000   Code   RO         5391    .ARM.Collect$$libinit$$0000001F  c_w.l(libinit2.o)
    0x08000202   0x08000202   0x00000000   Code   RO         5393    .ARM.Collect$$libinit$$00000021  c_w.l(libinit2.o)
    0x08000202   0x08000202   0x00000000   Code   RO         5395    .ARM.Collect$$libinit$$00000023  c_w.l(libinit2.o)
    0x08000202   0x08000202   0x00000000   Code   RO         5397    .ARM.Collect$$libinit$$00000025  c_w.l(libinit2.o)
    0x08000202   0x08000202   0x00000000   Code   RO         5401    .ARM.Collect$$libinit$$0000002C  c_w.l(libinit2.o)
    0x08000202   0x08000202   0x00000000   Code   RO         5403    .ARM.Collect$$libinit$$0000002E  c_w.l(libinit2.o)
    0x08000202   0x08000202   0x00000000   Code   RO         5405    .ARM.Collect$$libinit$$00000030  c_w.l(libinit2.o)
    0x08000202   0x08000202   0x00000000   Code   RO         5407    .ARM.Collect$$libinit$$00000032  c_w.l(libinit2.o)
    0x08000202   0x08000202   0x00000002   Code   RO         5408    .ARM.Collect$$libinit$$00000033  c_w.l(libinit2.o)
    0x08000204   0x08000204   0x00000002   Code   RO         5428    .ARM.Collect$$libshutdown$$00000000  c_w.l(libshutdown.o)
    0x08000206   0x08000206   0x00000000   Code   RO         5441    .ARM.Collect$$libshutdown$$00000002  c_w.l(libshutdown2.o)
    0x08000206   0x08000206   0x00000000   Code   RO         5443    .ARM.Collect$$libshutdown$$00000004  c_w.l(libshutdown2.o)
    0x08000206   0x08000206   0x00000000   Code   RO         5446    .ARM.Collect$$libshutdown$$00000007  c_w.l(libshutdown2.o)
    0x08000206   0x08000206   0x00000000   Code   RO         5449    .ARM.Collect$$libshutdown$$0000000A  c_w.l(libshutdown2.o)
    0x08000206   0x08000206   0x00000000   Code   RO         5451    .ARM.Collect$$libshutdown$$0000000C  c_w.l(libshutdown2.o)
    0x08000206   0x08000206   0x00000000   Code   RO         5454    .ARM.Collect$$libshutdown$$0000000F  c_w.l(libshutdown2.o)
    0x08000206   0x08000206   0x00000002   Code   RO         5455    .ARM.Collect$$libshutdown$$00000010  c_w.l(libshutdown2.o)
    0x08000208   0x08000208   0x00000000   Code   RO         5331    .ARM.Collect$$rtentry$$00000000  c_w.l(__rtentry.o)
    0x08000208   0x08000208   0x00000000   Code   RO         5335    .ARM.Collect$$rtentry$$00000002  c_w.l(__rtentry2.o)
    0x08000208   0x08000208   0x00000006   Code   RO         5347    .ARM.Collect$$rtentry$$00000004  c_w.l(__rtentry4.o)
    0x0800020e   0x0800020e   0x00000000   Code   RO         5337    .ARM.Collect$$rtentry$$00000009  c_w.l(__rtentry2.o)
    0x0800020e   0x0800020e   0x00000004   Code   RO         5338    .ARM.Collect$$rtentry$$0000000A  c_w.l(__rtentry2.o)
    0x08000212   0x08000212   0x00000000   Code   RO         5340    .ARM.Collect$$rtentry$$0000000C  c_w.l(__rtentry2.o)
    0x08000212   0x08000212   0x00000008   Code   RO         5341    .ARM.Collect$$rtentry$$0000000D  c_w.l(__rtentry2.o)
    0x0800021a   0x0800021a   0x00000002   Code   RO         5362    .ARM.Collect$$rtexit$$00000000  c_w.l(rtexit.o)
    0x0800021c   0x0800021c   0x00000000   Code   RO         5410    .ARM.Collect$$rtexit$$00000002  c_w.l(rtexit2.o)
    0x0800021c   0x0800021c   0x00000004   Code   RO         5411    .ARM.Collect$$rtexit$$00000003  c_w.l(rtexit2.o)
    0x08000220   0x08000220   0x00000006   Code   RO         5412    .ARM.Collect$$rtexit$$00000004  c_w.l(rtexit2.o)
    0x08000226   0x08000226   0x00000002   PAD
    0x08000228   0x08000228   0x00000040   Code   RO          153    .text               startup_stm32f303xc.o
    0x08000268   0x08000268   0x00000006   Code   RO         5327    .text               c_w.l(heapauxi.o)
    0x0800026e   0x0800026e   0x0000004a   Code   RO         5349    .text               c_w.l(sys_stackheap_outer.o)
    0x080002b8   0x080002b8   0x00000012   Code   RO         5351    .text               c_w.l(exit.o)
    0x080002ca   0x080002ca   0x00000002   PAD
    0x080002cc   0x080002cc   0x00000008   Code   RO         5359    .text               c_w.l(libspace.o)
    0x080002d4   0x080002d4   0x0000000c   Code   RO         5420    .text               c_w.l(sys_exit.o)
    0x080002e0   0x080002e0   0x00000002   Code   RO         5431    .text               c_w.l(use_no_semi.o)
    0x080002e2   0x080002e2   0x00000000   Code   RO         5433    .text               c_w.l(indicate_semi.o)
    0x080002e2   0x080002e2   0x00000004   Code   RO         5148    i.BusFault_Handler  stm32f3xx_it.o
    0x080002e6   0x080002e6   0x00000008   Code   RO          394    i.Buzzer_Init       dri_buzzer.o
    0x080002ee   0x080002ee   0x00000002   PAD
    0x080002f0   0x080002f0   0x00000038   Code   RO          160    i.Buzzer_PinInit    har_buzzer.o
    0x08000328   0x08000328   0x00000058   Code   RO          545    i.CompareSysTime    dri_systick.h.o
    0x08000380   0x08000380   0x00000002   Code   RO         5149    i.DMA1_Channel2_IRQHandler  stm32f3xx_it.o
    0x08000382   0x08000382   0x00000002   Code   RO         5150    i.DMA1_Channel3_IRQHandler  stm32f3xx_it.o
    0x08000384   0x08000384   0x00000002   Code   RO         5151    i.DMA1_Channel4_IRQHandler  stm32f3xx_it.o
    0x08000386   0x08000386   0x00000002   Code   RO         5152    i.DMA1_Channel5_IRQHandler  stm32f3xx_it.o
    0x08000388   0x08000388   0x00000002   Code   RO         5153    i.DMA1_Channel6_IRQHandler  stm32f3xx_it.o
    0x0800038a   0x0800038a   0x00000002   Code   RO         5154    i.DMA1_Channel7_IRQHandler  stm32f3xx_it.o
    0x0800038c   0x0800038c   0x00000002   Code   RO         5155    i.DebugMon_Handler  stm32f3xx_it.o
    0x0800038e   0x0800038e   0x00000096   Code   RO         2004    i.GPIO_Init         stm32f30x_gpio.o
    0x08000424   0x08000424   0x00000046   Code   RO         2005    i.GPIO_PinAFConfig  stm32f30x_gpio.o
    0x0800046a   0x0800046a   0x00000012   Code   RO         2010    i.GPIO_ReadOutputDataBit  stm32f30x_gpio.o
    0x0800047c   0x0800047c   0x00000004   Code   RO         2012    i.GPIO_SetBits      stm32f30x_gpio.o
    0x08000480   0x08000480   0x0000000a   Code   RO         2015    i.GPIO_WriteBit     stm32f30x_gpio.o
    0x0800048a   0x0800048a   0x00000004   Code   RO         5156    i.HardFault_Handler  stm32f3xx_it.o
    0x0800048e   0x0800048e   0x00000002   Code   RO         5157    i.I2C1_ER_IRQHandler  stm32f3xx_it.o
    0x08000490   0x08000490   0x00000002   Code   RO         5158    i.I2C1_EV_IRQHandler  stm32f3xx_it.o
    0x08000492   0x08000492   0x00000004   Code   RO         5159    i.MemManage_Handler  stm32f3xx_it.o
    0x08000496   0x08000496   0x00000002   Code   RO         5160    i.NMI_Handler       stm32f3xx_it.o
    0x08000498   0x08000498   0x00000070   Code   RO            4    i.NVIC_Init         stm32f30x_misc.o
    0x08000508   0x08000508   0x00000002   Code   RO         5161    i.PendSV_Handler    stm32f3xx_it.o
    0x0800050a   0x0800050a   0x00000002   PAD
    0x0800050c   0x0800050c   0x00000020   Code   RO         2616    i.RCC_AHBPeriphClockCmd  stm32f30x_rcc.o
    0x0800052c   0x0800052c   0x00000020   Code   RO         2620    i.RCC_APB2PeriphClockCmd  stm32f30x_rcc.o
    0x0800054c   0x0800054c   0x00000568   Code   RO         2628    i.RCC_GetClocksFreq  stm32f30x_rcc.o
    0x08000ab4   0x08000ab4   0x00000006   Code   RO          552    i.ReSetTimerTemp    dri_systick.h.o
    0x08000aba   0x08000aba   0x00000002   Code   RO         5162    i.SVC_Handler       stm32f3xx_it.o
    0x08000abc   0x08000abc   0x000000c4   Code   RO         5070    i.SetSysClock       system_stm32f30x.o
    0x08000b80   0x08000b80   0x00000010   Code   RO         5163    i.SysTick_Handler   stm32f3xx_it.o
    0x08000b90   0x08000b90   0x00000064   Code   RO          363    i.SysTick_Init      har_systick.o
    0x08000bf4   0x08000bf4   0x00000008   Code   RO          444    i.Sys_LED_Init      dri_led.o
    0x08000bfc   0x08000bfc   0x00000008   Code   RO          445    i.Sys_LED_Negative  dri_led.o
    0x08000c04   0x08000c04   0x00000008   Code   RO          446    i.Sys_LED_OFF       dri_led.o
    0x08000c0c   0x08000c0c   0x00000034   Code   RO          225    i.Sys_LED_PinInit   har_led.o
    0x08000c40   0x08000c40   0x00000020   Code   RO          226    i.Sys_LED_PinNegative  har_led.o
    0x08000c60   0x08000c60   0x00000010   Code   RO          228    i.Sys_LED_PinSet    har_led.o
    0x08000c70   0x08000c70   0x00000084   Code   RO         5072    i.SystemInit        system_stm32f30x.o
    0x08000cf4   0x08000cf4   0x00000008   Code   RO          553    i.SystemTime_Init   dri_systick.h.o
    0x08000cfc   0x08000cfc   0x00000002   Code   RO         5164    i.TIM7_IRQHandler   stm32f3xx_it.o
    0x08000cfe   0x08000cfe   0x00000002   PAD
    0x08000d00   0x08000d00   0x000000e0   Code   RO          314    i.UART1_Init        har_uart.o
    0x08000de0   0x08000de0   0x00000084   Code   RO         5165    i.USART1_IRQHandler  stm32f3xx_it.o
    0x08000e64   0x08000e64   0x00000002   Code   RO         5166    i.USART3_IRQHandler  stm32f3xx_it.o
    0x08000e66   0x08000e66   0x00000004   Code   RO         4228    i.USART_ClearFlag   stm32f30x_usart.o
    0x08000e6a   0x08000e6a   0x00000012   Code   RO         4229    i.USART_ClearITPendingBit  stm32f30x_usart.o
    0x08000e7c   0x08000e7c   0x00000016   Code   RO         4232    i.USART_Cmd         stm32f30x_usart.o
    0x08000e92   0x08000e92   0x0000004a   Code   RO         4241    i.USART_GetITStatus  stm32f30x_usart.o
    0x08000edc   0x08000edc   0x0000003a   Code   RO         4243    i.USART_ITConfig    stm32f30x_usart.o
    0x08000f16   0x08000f16   0x00000002   PAD
    0x08000f18   0x08000f18   0x000000ec   Code   RO         4244    i.USART_Init        stm32f30x_usart.o
    0x08001004   0x08001004   0x0000000c   Code   RO          496    i.Uart1_Init        dri_uart.o
    0x08001010   0x08001010   0x00000004   Code   RO         5167    i.UsageFault_Handler  stm32f3xx_it.o
    0x08001014   0x08001014   0x00000040   Code   RO          554    i.WaitSysTime_UnBlocked  dri_systick.h.o
    0x08001054   0x08001054   0x0000003a   Code   RO         5111    i.main              main.o
    0x0800108e   0x0800108e   0x0000000a   Code   RO         5418    x$fpl$fpinit        fz_wm.l(fpinit.o)
    0x08001098   0x08001098   0x00000020   Data   RO         5486    Region$$Table       anon$$obj.o


    Execution Region RW_IRAM2 (Exec base: 0x10000000, Load base: 0x08001100, Size: 0x00000000, Max: 0x00002000, ABSOLUTE)

    **** No section assigned to this execution region ****


    Execution Region RW_IRAM1 (Exec base: 0x20000000, Load base: 0x080010b8, Size: 0x00000840, Max: 0x0000c000, ABSOLUTE)

    Exec Addr    Load Addr    Size         Type   Attr      Idx    E Section Name        Object

    0x20000000   0x080010b8   0x00000004   Data   RW          556    .data               dri_systick.h.o
    0x20000004   0x080010bc   0x00000030   Data   RW         2655    .data               stm32f30x_rcc.o
    0x20000034   0x080010ec   0x00000014   Data   RW         5073    .data               system_stm32f30x.o
    0x20000048        -       0x00000198   Zero   RW          498    .bss                dri_uart.o
    0x200001e0        -       0x00000060   Zero   RW         5360    .bss                c_w.l(libspace.o)
    0x20000240        -       0x00000200   Zero   RW          151    HEAP                startup_stm32f303xc.o
    0x20000440        -       0x00000400   Zero   RW          150    STACK               startup_stm32f303xc.o


==============================================================================

Image component sizes


      Code (inc. data)   RO Data    RW Data    ZI Data      Debug   Object Name

         8          0          0          0          0        502   dri_buzzer.o
        24          0          0          0          0       1492   dri_led.o
       166         30          0          4          0       3945   dri_systick.h.o
        12          0          0          0        408       1353   dri_uart.o
        56          6          0          0          0       1477   har_buzzer.o
       100         12          0          0          0       1573   har_led.o
       100         18          0          0          0      27170   har_systick.o
       224         12          0          0          0        773   har_uart.o
        58          0          0          0          0        531   main.o
        64         26        392          0       1536        836   startup_stm32f303xc.o
       252          0          0          0          0       3755   stm32f30x_gpio.o
       112         12          0          0          0     323212   stm32f30x_misc.o
      1448         32          0         48          0       4617   stm32f30x_rcc.o
       412         16          0          0          0       5102   stm32f30x_usart.o
       192         26          0          0          0       9500   stm32f3xx_it.o
       328         28          0         20          0       1949   system_stm32f30x.o

    ----------------------------------------------------------------------
      3564        218        424         72       1944     387787   Object Totals
         0          0         32          0          0          0   (incl. Generated)
         8          0          0          0          0          0   (incl. Padding)

    ----------------------------------------------------------------------

      Code (inc. data)   RO Data    RW Data    ZI Data      Debug   Library Member Name

         8          0          0          0          0         68   __main.o
         0          0          0          0          0          0   __rtentry.o
        12          0          0          0          0          0   __rtentry2.o
         6          0          0          0          0          0   __rtentry4.o
        52          8          0          0          0          0   __scatter.o
        26          0          0          0          0          0   __scatter_copy.o
        28          0          0          0          0          0   __scatter_zi.o
        18          0          0          0          0         80   exit.o
         6          0          0          0          0        152   heapauxi.o
         0          0          0          0          0          0   indicate_semi.o
         2          0          0          0          0          0   libinit.o
         6          0          0          0          0          0   libinit2.o
         2          0          0          0          0          0   libshutdown.o
         2          0          0          0          0          0   libshutdown2.o
         8          4          0          0         96         68   libspace.o
         2          0          0          0          0          0   rtexit.o
        10          0          0          0          0          0   rtexit2.o
        12          4          0          0          0         68   sys_exit.o
        74          0          0          0          0         80   sys_stackheap_outer.o
         2          0          0          0          0         68   use_no_semi.o
        10          0          0          0          0        116   fpinit.o

    ----------------------------------------------------------------------
       292         16          0          0         96        700   Library Totals
         6          0          0          0          0          0   (incl. Padding)

    ----------------------------------------------------------------------

      Code (inc. data)   RO Data    RW Data    ZI Data      Debug   Library Name

       276         16          0          0         96        584   c_w.l
        10          0          0          0          0        116   fz_wm.l

    ----------------------------------------------------------------------
       292         16          0          0         96        700   Library Totals

    ----------------------------------------------------------------------

==============================================================================


      Code (inc. data)   RO Data    RW Data    ZI Data      Debug   

      3856        234        424         72       2040     383531   Grand Totals
      3856        234        424         72       2040     383531   ELF Image Totals
      3856        234        424         72          0          0   ROM Totals

==============================================================================

    Total RO  Size (Code + RO Data)                 4280 (   4.18kB)
    Total RW  Size (RW Data + ZI Data)              2112 (   2.06kB)
    Total ROM Size (Code + RO Data + RW Data)       4352 (   4.25kB)

==============================================================================

