<html>
<body>
<pre>
<h1>µVision Build Log</h1>
<h2>Tool Versions:</h2>
IDE-Version: ¶ÃVision V5.26.2.0
Copyright (C) 2018 ARM Ltd and ARM Germany GmbH. All rights reserved.
License Information: BB A, ZSC, LIC=HF8TG-VE355-ZCAJY-IURX2-DLA2F-NBCI8
 
Tool Versions:
Toolchain:       MDK-ARM Professional  Version: 5.26.2.0
Toolchain Path:  C:\software\keil5\ARM\ARMCC\Bin
C Compiler:      Armcc.exe V5.06 update 6 (build 750)
Assembler:       Armasm.exe V5.06 update 6 (build 750)
Linker/Locator:  ArmLink.exe V5.06 update 6 (build 750)
Library Manager: ArmAr.exe V5.06 update 6 (build 750)
Hex Converter:   FromElf.exe V5.06 update 6 (build 750)
CPU DLL:         SARMCM3.DLL V5.26.2.0
Dialog DLL:      DCM.DLL V1.17.2.0
Target DLL:      STLink\ST-LINKIII-KEIL_SWO.dll V3.0.5.0
Dialog DLL:      TCM.DLL V1.36.1.0
 
<h2>Project:</h2>
D:\Àƒ÷·∑…––∆˜\≥Ã–Ú\MineStandard\Project\Mine.uvprojx
Project File Date:  01/15/2019

<h2>Output:</h2>
*** Using Compiler 'V5.06 update 6 (build 750)', folder: 'C:\software\keil5\ARM\ARMCC\Bin'
Build target 'Target 1'
compiling main.c...
..\User\Inc\MyTypedef.h(21): warning:  #1-D: last line of file ends without a newline
  #endif
..\User\Inc\Queue.h(36): warning:  #1-D: last line of file ends without a newline
  #endif
..\User\Inc\MyTypedef.h(21): warning:  #1-D: last line of file ends without a newline
  #endif
..\User\Inc\Myconfiguration.h(6): warning:  #1-D: last line of file ends without a newline
  #endif
..\Devices\Hardware\Inc\Har_SysTick.h(13): warning:  #1-D: last line of file ends without a newline
  #endif
..\Devices\Drivers\Inc\Dri_SysTick.h(17): warning:  #1295-D: Deprecated declaration SystemTime_Init - give arg types
  uint8 SystemTime_Init();
..\Devices\Drivers\Inc\Dri_SysTick.h(24): warning:  #1295-D: Deprecated declaration GetSystemTime - give arg types
  uint32 GetSystemTime();
..\Devices\Drivers\Inc\Dri_SysTick.h(28): warning:  #1-D: last line of file ends without a newline
  #endif
..\Devices\Hardware\Inc\Har_LED.h(7): warning:  #1295-D: Deprecated declaration Sys_LED_PinInit - give arg types
  void Sys_LED_PinInit();
..\Devices\Hardware\Inc\Har_LED.h(8): warning:  #1295-D: Deprecated declaration Sys_LED_PinSet - give arg types
  void Sys_LED_PinSet();
..\Devices\Hardware\Inc\Har_LED.h(9): warning:  #1295-D: Deprecated declaration Sys_LED_PinReSet - give arg types
  void Sys_LED_PinReSet();
..\Devices\Hardware\Inc\Har_LED.h(10): warning:  #1295-D: Deprecated declaration Sys_LED_PinNegative - give arg types
  void Sys_LED_PinNegative();	//ÂºïËÑöÁîµÂπ≥ÂèñÂèç
..\Devices\Hardware\Inc\Har_LED.h(11): warning:  #1295-D: Deprecated declaration Sys_LED_PinState - give arg types
  uint8 Sys_LED_PinState();
..\Devices\Hardware\Inc\Har_LED.h(12): warning:  #1-D: last line of file ends without a newline
  #endif
..\Devices\Drivers\Inc\Dri_LED.h(6): warning:  #1295-D: Deprecated declaration Sys_LED_Init - give arg types
  void Sys_LED_Init();
..\Devices\Drivers\Inc\Dri_LED.h(7): warning:  #1295-D: Deprecated declaration Sys_LED_ON - give arg types
  void Sys_LED_ON();
..\Devices\Drivers\Inc\Dri_LED.h(8): warning:  #1295-D: Deprecated declaration Sys_LED_OFF - give arg types
  void Sys_LED_OFF();	
..\Devices\Drivers\Inc\Dri_LED.h(9): warning:  #1295-D: Deprecated declaration Sys_LED_Negative - give arg types
  void Sys_LED_Negative();
..\Devices\Drivers\Inc\Dri_LED.h(11): warning:  #1-D: last line of file ends without a newline
  #endif
..\Devices\Hardware\Inc\Har_stm32_dma.h(7): warning:  #1295-D: Deprecated declaration STM32_DMA_Init - give arg types
  void STM32_DMA_Init();
..\Devices\Hardware\Inc\Har_stm32_dma.h(8): warning:  #1-D: last line of file ends without a newline
  #endif
..\Devices\Hardware\Inc\Har_Uart.h(12): warning:  #1295-D: Deprecated declaration UART1_GetByte - give arg types
  uint8 UART1_GetByte();
..\Devices\Hardware\Inc\Har_Uart.h(13): warning:  #1-D: last line of file ends without a newline
  #endif
..\Devices\Hardware\Inc\Har_Buzzer.h(13): warning:  #1295-D: Deprecated declaration Buzzer_PinInit - give arg types
  void Buzzer_PinInit();
..\Devices\Hardware\Inc\Har_Buzzer.h(14): warning:  #1295-D: Deprecated declaration Buzzer_PinSet - give arg types
  void Buzzer_PinSet();
..\Devices\Hardware\Inc\Har_Buzzer.h(15): warning:  #1295-D: Deprecated declaration Buzzer_PinReSet - give arg types
  void Buzzer_PinReSet();
..\Devices\Hardware\Inc\Har_Buzzer.h(16): warning:  #1295-D: Deprecated declaration Buzzer_PinNegative - give arg types
  void Buzzer_PinNegative();
..\Devices\Hardware\Inc\Har_Buzzer.h(17): warning:  #1295-D: Deprecated declaration Buzzer_PinState - give arg types
  uint8 Buzzer_PinState();
..\Devices\Hardware\Inc\Har_Buzzer.h(18): warning:  #1-D: last line of file ends without a newline
  #endif
..\Devices\Drivers\Inc\Dri_Buzzer.h(6): warning:  #1295-D: Deprecated declaration Buzzer_Init - give arg types
  void Buzzer_Init();
..\Devices\Drivers\Inc\Dri_Buzzer.h(7): warning:  #1295-D: Deprecated declaration Buzzer_ON - give arg types
  void Buzzer_ON();
..\Devices\Drivers\Inc\Dri_Buzzer.h(8): warning:  #1295-D: Deprecated declaration Buzzer_OFF - give arg types
  void Buzzer_OFF();	
..\Devices\Drivers\Inc\Dri_Buzzer.h(9): warning:  #1295-D: Deprecated declaration Buzzer_Negative - give arg types
  void Buzzer_Negative();
..\Devices\Drivers\Inc\Dri_Buzzer.h(11): warning:  #1-D: last line of file ends without a newline
  #endif 
..\User\Inc\Devices.h(15): warning:  #1-D: last line of file ends without a newline
  #endif
..\User\Src\main.c(11): warning:  #223-D: function "Uart1_Init" declared implicitly
  	Uart1_Init(1500000);
..\User\Src\main.c(21): warning:  #223-D: function "Uart1_SendBytes" declared implicitly
  		Uart1_SendBytes("Hello World!",12);
..\User\Src\main.c(29): warning:  #111-D: statement is unreachable
  	return 0;
..\User\Src\main.c: 38 warnings, 0 errors
linking...
Program Size: Code=3972 RO-data=424 RW-data=84 ZI-data=1836  
".\Objects\Mine.axf" - 0 Error(s), 38 Warning(s).

<h2>Software Packages used:</h2>

Package Vendor: Keil
                http://www.keil.com/pack/Keil.STM32F3xx_DFP.2.1.0.pack
                Keil.STM32F3xx_DFP.2.1.0
                STMicroelectronics STM32F3 Series Device Support and Examples

<h2>Collection of Component include folders:</h2>
  .\RTE\_Target_1
  C:\software\keil5\ARM\PACK\Keil\STM32F3xx_DFP\2.1.0\Drivers\CMSIS\Device\ST\STM32F3xx\Include

<h2>Collection of Component Files used:</h2>
Build Time Elapsed:  00:00:03
</pre>
</body>
</html>
